[1] "[2025-11-23 22:02:36] Reading orthologues table for Aethionema_saxatile"
[1] "[2025-11-23 22:02:37] Supplementing orthologues from `Phylogenetic_Hierarchical_Orthogroups/N0.tsv` for Aethionema_saxatile"
[1] "[2025-11-23 22:02:37] Supplementing orthologues from `Orthogroups/Orthogroups.tsv` for Aethionema_saxatile"
[1] "[2025-11-23 22:02:38] Merging with blast RBH table for Aethionema_saxatile"
[1] "[2025-11-23 22:02:38] Merging with simple Blast results for Aethionema_saxatile"
[1] "[2025-11-23 22:02:50] choose the best hits for each query (target species) gene"
[1] "[2025-11-23 22:03:40] Final selection of orthologues for Aethionema_saxatile"
[1] "[2025-11-23 22:03:40] loop for choosing best orthologue/homologue if there are multiple"
[1] "As001G005040: Missing orthologue among BLAST hits"
[1] "As001G006820: Missing orthologue among BLAST hits"
[1] "As001G016060: Missing orthologue among BLAST hits"
[1] "As001G019880: Missing orthologue among BLAST hits"
[1] "As001G019890: Missing orthologue among BLAST hits"
[1] "As002G040830: Missing orthologue among BLAST hits"
[1] "As005G111040: Missing orthologue among BLAST hits"
[1] "As005G111430: Missing orthologue among BLAST hits"
[1] "As006G138320: Missing orthologue among BLAST hits"
[1] "As007G165830: Missing orthologue among BLAST hits"
[1] "As007G166140: Missing orthologue among BLAST hits"
[1] "As007G177090: Missing orthologue among BLAST hits"
[1] "As007G178620: Missing orthologue among BLAST hits"
[1] "As008G188780: Missing orthologue among BLAST hits"
[1] "As008G192040: Missing orthologue among BLAST hits"
[1] "As009G213820: Missing orthologue among BLAST hits"
[1] "As010G230400: Missing orthologue among BLAST hits"
[1] "As011G256020: Missing orthologue among BLAST hits"
[1] "As012G278720: Missing orthologue among BLAST hits"
[1] "[2025-11-23 22:06:40] Exporting tables for Aethionema_saxatile"
[1] "[2025-11-23 22:06:41] Aethionema_saxatile done."
g BLAST hits"
[1] "As005G111040: Missing orthologue among BLAST hits"
[1] "As005G111430: Missing orthologue among BLAST hits"
[1] "As006G138320: Missing orthologue among BLAST hits"
[1] "As007G165830: Missing orthologue among BLAST hits"
[1] "As007G166140: Missing orthologue among BLAST hits"
[1] "As007G177090: Missing orthologue among BLAST hits"
[1] "As007G178620: Missing orthologue among BLAST hits"
[1] "As008G188780: Missing orthologue among BLAST hits"
[1] "As008G192040: Missing orthologue among BLAST hits"
[1] "As009G213820: Missing orthologue among BLAST hits"
[1] "As010G230400: Missing orthologue among BLAST hits"
[1] "As011G256020: Missing orthologue among BLAST hits"
[1] "As012G278720: Missing orthologue among BLAST hits"
[1] "[2025-11-23 22:06:40] Exporting tables for Aethionema_saxatile"
[1] "[2025-11-23 22:06:41] Aethionema_saxatile done."
[1] "[2025-11-23 22:06:41] Reading orthologues table for Alyssum_gmelinii"
[1] "[2025-11-23 22:06:42] Supplementing orthologues from `Phylogenetic_Hierarchical_Orthogroups/N0.tsv` for Alyssum_gmelinii"
[1] "[2025-11-23 22:06:42] Supplementing orthologues from `Orthogroups/Orthogroups.tsv` for Alyssum_gmelinii"
[1] "[2025-11-23 22:06:42] Merging with blast RBH table for Alyssum_gmelinii"
[1] "[2025-11-23 22:06:43] Merging with simple Blast results for Alyssum_gmelinii"
[1] "[2025-11-23 22:06:50] choose the best hits for each query (target species) gene"
[1] "[2025-11-23 22:07:49] Final selection of orthologues for Alyssum_gmelinii"
[1] "[2025-11-23 22:07:49] loop for choosing best orthologue/homologue if there are multiple"
[1] "Ag001G040530: Missing orthologue among BLAST hits"
[1] "Ag001G044380: Missing orthologue among BLAST hits"
[1] "Ag001G061510: Missing orthologue among BLAST hits"
[1] "Ag001G075710: Missing orthologue among BLAST hits"
[1] "Ag002G106450: Missing orthologue among BLAST hits"
[1] "Ag002G110480: Missing orthologue among BLAST hits"
[1] "Ag002G135150: Missing orthologue among BLAST hits"
[1] "Ag002G140980: Missing orthologue among BLAST hits"
[1] "Ag002G153530: Missing orthologue among BLAST hits"
[1] "Ag002G153580: Missing orthologue among BLAST hits"
[1] "Ag002G153690: Missing orthologue among BLAST hits"
[1] "Ag002G157290: Missing orthologue among BLAST hits"
[1] "Ag002G157300: Missing orthologue among BLAST hits"
[1] "Ag002G187300: Missing orthologue among BLAST hits"
[1] "Ag002G205060: Missing orthologue among BLAST hits"
[1] "Ag002G205070: Missing orthologue among BLAST hits"
[1] "Ag003G219140: Missing orthologue among BLAST hits"
[1] "Ag003G238120: Missing orthologue among BLAST hits"
[1] "Ag003G240480: Missing orthologue among BLAST hits"
[1] "Ag003G254650: Missing orthologue among BLAST hits"
[1] "Ag004G314920: Missing orthologue among BLAST hits"
[1] "Ag004G343590: Missing orthologue among BLAST hits"
[1] "Ag004G351220: Missing orthologue among BLAST hits"
[1] "Ag004G356110: Missing orthologue among BLAST hits"
[1] "Ag004G365070: Missing orthologue among BLAST hits"
[1] "Ag004G380930: Missing orthologue among BLAST hits"
[1] "Ag004G390840: Missing orthologue among BLAST hits"
[1] "Ag004G399930: Missing orthologue among BLAST hits"
[1] "Ag005G404130: Missing orthologue among BLAST hits"
[1] "Ag005G426820: Missing orthologue among BLAST hits"
[1] "Ag006G499690: Missing orthologue among BLAST hits"
[1] "Ag006G508910: Missing orthologue among BLAST hits"
[1] "Ag007G614800: Missing orthologue among BLAST hits"
[1] "Ag007G618290: Missing orthologue among BLAST hits"
[1] "Ag008G663850: Missing orthologue among BLAST hits"
[1] "Ag008G677680: Missing orthologue among BLAST hits"
[1] "Ag008G699310: Missing orthologue among BLAST hits"
[1] "[2025-11-23 22:15:20] Exporting tables for Alyssum_gmelinii"
[1] "[2025-11-23 22:15:22] Alyssum_gmelinii done."
[1] "[2025-11-23 22:15:22] Reading orthologues table for Arabidopsis_arenosa"
[1] "[2025-11-23 22:15:22] Supplementing orthologues from `Phylogenetic_Hierarchical_Orthogroups/N0.tsv` for Arabidopsis_arenosa"
[1] "[2025-11-23 22:15:23] Supplementing orthologues from `Orthogroups/Orthogroups.tsv` for Arabidopsis_arenosa"
[1] "[2025-11-23 22:15:23] Merging with blast RBH table for Arabidopsis_arenosa"
[1] "[2025-11-23 22:15:24] Merging with simple Blast results for Arabidopsis_arenosa"
[1] "[2025-11-23 22:15:33] choose the best hits for each query (target species) gene"
[1] "[2025-11-23 22:16:40] Final selection of orthologues for Arabidopsis_arenosa"
[1] "[2025-11-23 22:16:40] loop for choosing best orthologue/homologue if there are multiple"
[1] "jg10505: Missing orthologue among BLAST hits"
[1] "jg11080: Missing orthologue among BLAST hits"
[1] "jg11376: Missing orthologue among BLAST hits"
[1] "jg11603: Missing orthologue among BLAST hits"
[1] "jg11611: Missing orthologue among BLAST hits"
[1] "jg1165: Missing orthologue among BLAST hits"
[1] "jg117: Missing orthologue among BLAST hits"
[1] "jg11703: Missing orthologue among BLAST hits"
[1] "jg11894: Missing orthologue among BLAST hits"
[1] "jg12136: Missing orthologue among BLAST hits"
[1] "jg12161: Missing orthologue among BLAST hits"
[1] "jg12213: Missing orthologue among BLAST hits"
[1] "jg12230: Missing orthologue among BLAST hits"
[1] "jg12492: Missing orthologue among BLAST hits"
[1] "jg13113: Missing orthologue among BLAST hits"
[1] "jg132: Missing orthologue among BLAST hits"
[1] "jg1323: Missing orthologue among BLAST hits"
[1] "jg13498: Missing orthologue among BLAST hits"
[1] "jg13504: Missing orthologue among BLAST hits"
[1] "jg13634: Missing orthologue among BLAST hits"
[1] "jg13799: Missing orthologue among BLAST hits"
[1] "jg13812: Missing orthologue among BLAST hits"
[1] "jg13838: Missing orthologue among BLAST hits"
[1] "jg13854: Missing orthologue among BLAST hits"
[1] "jg13959: Missing orthologue among BLAST hits"
[1] "jg14024: Missing orthologue among BLAST hits"
[1] "jg14085: Missing orthologue among BLAST hits"
[1] "jg14174: Missing orthologue among BLAST hits"
[1] "jg14183: Missing orthologue among BLAST hits"
[1] "jg15625: Missing orthologue among BLAST hits"
[1] "jg15779: Missing orthologue among BLAST hits"
[1] "jg165: Missing orthologue among BLAST hits"
[1] "jg16911: Missing orthologue among BLAST hits"
[1] "jg17182: Missing orthologue among BLAST hits"
[1] "jg17364: Missing orthologue among BLAST hits"
[1] "jg1845: Missing orthologue among BLAST hits"
[1] "jg18867: Missing orthologue among BLAST hits"
[1] "jg19138: Missing orthologue among BLAST hits"
[1] "jg20324: Missing orthologue among BLAST hits"
[1] "jg20789: Missing orthologue among BLAST hits"
[1] "jg21311: Missing orthologue among BLAST hits"
[1] "jg2152: Missing orthologue among BLAST hits"
[1] "jg21611: Missing orthologue among BLAST hits"
[1] "jg21899: Missing orthologue among BLAST hits"
[1] "jg22483: Missing orthologue among BLAST hits"
[1] "jg22829: Missing orthologue among BLAST hits"
[1] "jg2339: Missing orthologue among BLAST hits"
[1] "jg25251: Missing orthologue among BLAST hits"
[1] "jg25347: Missing orthologue among BLAST hits"
[1] "jg25787: Missing orthologue among BLAST hits"
[1] "jg25794: Missing orthologue among BLAST hits"
[1] "jg26953: Missing orthologue among BLAST hits"
[1] "jg27196: Missing orthologue among BLAST hits"
[1] "jg27348: Missing orthologue among BLAST hits"
[1] "jg27468: Missing orthologue among BLAST hits"
[1] "jg27627: Missing orthologue among BLAST hits"
[1] "jg27776: Missing orthologue among BLAST hits"
[1] "jg27846: Missing orthologue among BLAST hits"
[1] "jg27990: Missing orthologue among BLAST hits"
[1] "jg28082: Missing orthologue among BLAST hits"
[1] "jg286: Missing orthologue among BLAST hits"
[1] "jg29866: Missing orthologue among BLAST hits"
[1] "jg29867: Missing orthologue among BLAST hits"
[1] "jg2994: Missing orthologue among BLAST hits"
[1] "jg30212: Missing orthologue among BLAST hits"
[1] "jg3053: Missing orthologue among BLAST hits"
[1] "jg32326: Missing orthologue among BLAST hits"
[1] "jg32583: Missing orthologue among BLAST hits"
[1] "jg32932: Missing orthologue among BLAST hits"
[1] "jg4887: Missing orthologue among BLAST hits"
[1] "jg5560: Missing orthologue among BLAST hits"
[1] "jg6317: Missing orthologue among BLAST hits"
[1] "jg6968: Missing orthologue among BLAST hits"
[1] "jg7299: Missing orthologue among BLAST hits"
[1] "jg7386: Missing orthologue among BLAST hits"
[1] "jg7441: Missing orthologue among BLAST hits"
[1] "jg8025: Missing orthologue among BLAST hits"
[1] "[2025-11-23 22:22:57] Exporting tables for Arabidopsis_arenosa"
[1] "[2025-11-23 22:22:59] Arabidopsis_arenosa done."
[1] "[2025-11-23 22:22:59] Reading orthologues table for Arabidopsis_lyrata_NCBI"
[1] "[2025-11-23 22:23:00] Supplementing orthologues from `Phylogenetic_Hierarchical_Orthogroups/N0.tsv` for Arabidopsis_lyrata_NCBI"
[1] "[2025-11-23 22:23:00] Supplementing orthologues from `Orthogroups/Orthogroups.tsv` for Arabidopsis_lyrata_NCBI"
[1] "[2025-11-23 22:23:00] Merging with blast RBH table for Arabidopsis_lyrata_NCBI"
[1] "[2025-11-23 22:23:01] Merging with simple Blast results for Arabidopsis_lyrata_NCBI"
[1] "[2025-11-23 22:23:09] choose the best hits for each query (target species) gene"
[1] "[2025-11-23 22:24:12] Final selection of orthologues for Arabidopsis_lyrata_NCBI"
[1] "[2025-11-23 22:24:12] loop for choosing best orthologue/homologue if there are multiple"
[1] "XP_020865718.1: Missing orthologue among BLAST hits"
[1] "XP_020866590.1: Missing orthologue among BLAST hits"
[1] "XP_020871586.1: Missing orthologue among BLAST hits"
[1] "XP_020872379.1: Missing orthologue among BLAST hits"
[1] "XP_020877201.1: Missing orthologue among BLAST hits"
[1] "XP_020879405.1: Missing orthologue among BLAST hits"
[1] "XP_020879410.1: Missing orthologue among BLAST hits"
[1] "XP_020885673.1: Missing orthologue among BLAST hits"
[1] "XP_020889841.1: Missing orthologue among BLAST hits"
[1] "XP_020890797.1: Missing orthologue among BLAST hits"
[1] "[2025-11-23 22:27:50] Exporting tables for Arabidopsis_lyrata_NCBI"
[1] "[2025-11-23 22:27:51] Arabidopsis_lyrata_NCBI done."
[1] "[2025-11-23 22:27:51] Reading orthologues table for Arabidopsis_lyrata_Rawat"
[1] "[2025-11-23 22:27:52] Supplementing orthologues from `Phylogenetic_Hierarchical_Orthogroups/N0.tsv` for Arabidopsis_lyrata_Rawat"
[1] "[2025-11-23 22:27:52] Supplementing orthologues from `Orthogroups/Orthogroups.tsv` for Arabidopsis_lyrata_Rawat"
[1] "[2025-11-23 22:27:53] Merging with blast RBH table for Arabidopsis_lyrata_Rawat"
[1] "[2025-11-23 22:27:53] Merging with simple Blast results for Arabidopsis_lyrata_Rawat"
[1] "[2025-11-23 22:28:00] choose the best hits for each query (target species) gene"
[1] "[2025-11-23 22:29:03] Final selection of orthologues for Arabidopsis_lyrata_Rawat"
[1] "[2025-11-23 22:29:04] loop for choosing best orthologue/homologue if there are multiple"
[1] "AL1G33390: Missing orthologue among BLAST hits"
[1] "AL1G35160: Missing orthologue among BLAST hits"
[1] "AL1G36910: Missing orthologue among BLAST hits"
[1] "AL1G45690: Missing orthologue among BLAST hits"
[1] "AL1G47580: Missing orthologue among BLAST hits"
[1] "AL1G50660: Missing orthologue among BLAST hits"
[1] "AL1G52070: Missing orthologue among BLAST hits"
[1] "AL1G52850: Missing orthologue among BLAST hits"
[1] "AL1G56380: Missing orthologue among BLAST hits"
[1] "AL226U10010: Missing orthologue among BLAST hits"
[1] "AL2G24480: Missing orthologue among BLAST hits"
[1] "AL3G40950: Missing orthologue among BLAST hits"
[1] "AL3G42620: Missing orthologue among BLAST hits"
[1] "AL3G47490: Missing orthologue among BLAST hits"
[1] "AL3G48170: Missing orthologue among BLAST hits"
[1] "AL3G53760: Missing orthologue among BLAST hits"
[1] "AL4G15270: Missing orthologue among BLAST hits"
[1] "AL4G18090: Missing orthologue among BLAST hits"
[1] "AL5G19610: Missing orthologue among BLAST hits"
[1] "AL5G23620: Missing orthologue among BLAST hits"
[1] "AL5G44570: Missing orthologue among BLAST hits"
[1] "AL68U10040: Missing orthologue among BLAST hits"
[1] "AL6G19420: Missing orthologue among BLAST hits"
[1] "AL6G19580: Missing orthologue among BLAST hits"
[1] "AL747U10010: Missing orthologue among BLAST hits"
[1] "AL7G51820: Missing orthologue among BLAST hits"
[1] "AL8G10060: Missing orthologue among BLAST hits"
[1] "AL8G17200: Missing orthologue among BLAST hits"
[1] "AL8G17730: Missing orthologue among BLAST hits"
[1] "AL8G18900: Missing orthologue among BLAST hits"
[1] "AL8G21160: Missing orthologue among BLAST hits"
[1] "AL9U12120: Missing orthologue among BLAST hits"
[1] "nbis-gene-1243: Missing orthologue among BLAST hits"
[1] "nbis-gene-1315: Missing orthologue among BLAST hits"
[1] "nbis-gene-2002: Missing orthologue among BLAST hits"
[1] "nbis-gene-838: Missing orthologue among BLAST hits"
[1] "[2025-11-23 22:33:36] Exporting tables for Arabidopsis_lyrata_Rawat"
[1] "[2025-11-23 22:33:38] Arabidopsis_lyrata_Rawat done."
[1] "[2025-11-23 22:33:38] Reading orthologues table for Arabis_alpina"
[1] "[2025-11-23 22:33:39] Supplementing orthologues from `Phylogenetic_Hierarchical_Orthogroups/N0.tsv` for Arabis_alpina"
[1] "[2025-11-23 22:33:39] Supplementing orthologues from `Orthogroups/Orthogroups.tsv` for Arabis_alpina"
[1] "[2025-11-23 22:33:39] Merging with blast RBH table for Arabis_alpina"
[1] "[2025-11-23 22:33:40] Merging with simple Blast results for Arabis_alpina"
[1] "[2025-11-23 22:33:50] choose the best hits for each query (target species) gene"
[1] "[2025-11-23 22:34:55] Final selection of orthologues for Arabis_alpina"
[1] "[2025-11-23 22:34:55] loop for choosing best orthologue/homologue if there are multiple"
[1] "Aa_G103020.h1.t1: Missing orthologue among BLAST hits"
[1] "Aa_G122790.h1.t1: Missing orthologue among BLAST hits"
[1] "Aa_G168740.h1.t1: Missing orthologue among BLAST hits"
[1] "Aa_G187370.h1.t1: Missing orthologue among BLAST hits"
[1] "Aa_G191220.h1.t1: Missing orthologue among BLAST hits"
[1] "Aa_G199330.h1.t1: Missing orthologue among BLAST hits"
[1] "Aa_G213050.h1.t1: Missing orthologue among BLAST hits"
[1] "Aa_G217250.h1.t1: Missing orthologue among BLAST hits"
[1] "Aa_G227280.h1.t1: Missing orthologue among BLAST hits"
[1] "Aa_G229770.h1.t1: Missing orthologue among BLAST hits"
[1] "Aa_G272240.h1.t1: Missing orthologue among BLAST hits"
[1] "Aa_G288600.h1.t1: Missing orthologue among BLAST hits"
[1] "Aa_G302260.h1.t1: Missing orthologue among BLAST hits"
[1] "Aa_G305760.h1.t1: Missing orthologue among BLAST hits"
[1] "Aa_G352910.h1.t1: Missing orthologue among BLAST hits"
[1] "Aa_G369050.h1.t1: Missing orthologue among BLAST hits"
[1] "Aa_G376180.h1.t1: Missing orthologue among BLAST hits"
[1] "Aa_G378160.h1.t1: Missing orthologue among BLAST hits"
[1] "Aa_G485360.h1.t1: Missing orthologue among BLAST hits"
[1] "Aa_G531310.h1.t1: Missing orthologue among BLAST hits"
[1] "Aa_G565560.h1.t1: Missing orthologue among BLAST hits"
[1] "Aa_G637980.h1.t1: Missing orthologue among BLAST hits"
[1] "Aa_G652160.h1.t1: Missing orthologue among BLAST hits"
[1] "Aa_G653490.h1.t1: Missing orthologue among BLAST hits"
[1] "Aa_G685510.h1.t1: Missing orthologue among BLAST hits"
[1] "Aa_G68850.h1.t1: Missing orthologue among BLAST hits"
[1] "Aa_G710230.h1.t1: Missing orthologue among BLAST hits"
[1] "Aa_G861160.h1.t1: Missing orthologue among BLAST hits"
[1] "Aa_G870430.h1.t1: Missing orthologue among BLAST hits"
[1] "Aa_G918570.h1.t1: Missing orthologue among BLAST hits"
[1] "Aa_G95420.h1.t1: Missing orthologue among BLAST hits"
[1] "Aa_G972050.h1.t1: Missing orthologue among BLAST hits"
[1] "Aa_G97590.h1.t1: Missing orthologue among BLAST hits"
[1] "Aa_G988890.h1.t1: Missing orthologue among BLAST hits"
[1] "[2025-11-23 22:39:48] Exporting tables for Arabis_alpina"
[1] "[2025-11-23 22:39:50] Arabis_alpina done."
[1] "[2025-11-23 22:39:50] Reading orthologues table for Brassica_napus"
[1] "[2025-11-23 22:39:50] Supplementing orthologues from `Phylogenetic_Hierarchical_Orthogroups/N0.tsv` for Brassica_napus"
[1] "[2025-11-23 22:39:51] Supplementing orthologues from `Orthogroups/Orthogroups.tsv` for Brassica_napus"
[1] "[2025-11-23 22:39:51] Merging with blast RBH table for Brassica_napus"
[1] "[2025-11-23 22:39:52] Merging with simple Blast results for Brassica_napus"
[1] "[2025-11-23 22:40:07] choose the best hits for each query (target species) gene"
[1] "[2025-11-23 22:43:18] Final selection of orthologues for Brassica_napus"
[1] "[2025-11-23 22:43:18] loop for choosing best orthologue/homologue if there are multiple"
[1] "XP_013658178.1: Missing orthologue among BLAST hits"
[1] "XP_013665035.2: Missing orthologue among BLAST hits"
[1] "XP_013700526.1: Missing orthologue among BLAST hits"
[1] "XP_013704250.1: Missing orthologue among BLAST hits"
[1] "XP_013705001.2: Missing orthologue among BLAST hits"
[1] "XP_013709535.2: Missing orthologue among BLAST hits"
[1] "XP_013709795.2: Missing orthologue among BLAST hits"
[1] "XP_013713504.1: Missing orthologue among BLAST hits"
[1] "XP_013713803.1: Missing orthologue among BLAST hits"
[1] "XP_013718672.1: Missing orthologue among BLAST hits"
[1] "XP_013722991.2: Missing orthologue among BLAST hits"
[1] "XP_013726652.1: Missing orthologue among BLAST hits"
[1] "XP_013727244.2: Missing orthologue among BLAST hits"
[1] "XP_013727601.1: Missing orthologue among BLAST hits"
[1] "XP_013728940.1: Missing orthologue among BLAST hits"
[1] "XP_013729777.3: Missing orthologue among BLAST hits"
[1] "XP_013732053.2: Missing orthologue among BLAST hits"
[1] "XP_013751877.2: Missing orthologue among BLAST hits"
[1] "XP_022547453.2: Missing orthologue among BLAST hits"
[1] "XP_022549798.1: Missing orthologue among BLAST hits"
[1] "XP_022555275.1: Missing orthologue among BLAST hits"
[1] "XP_022557495.1: Missing orthologue among BLAST hits"
[1] "XP_022565168.1: Missing orthologue among BLAST hits"
[1] "XP_022566666.1: Missing orthologue among BLAST hits"
[1] "XP_022569213.1: Missing orthologue among BLAST hits"
[1] "XP_048590797.1: Missing orthologue among BLAST hits"
[1] "XP_048590890.1: Missing orthologue among BLAST hits"
[1] "XP_048592969.1: Missing orthologue among BLAST hits"
[1] "XP_048593340.1: Missing orthologue among BLAST hits"
[1] "XP_048596271.1: Missing orthologue among BLAST hits"
[1] "XP_048598983.1: Missing orthologue among BLAST hits"
[1] "XP_048599653.1: Missing orthologue among BLAST hits"
[1] "XP_048599654.1: Missing orthologue among BLAST hits"
[1] "XP_048599804.1: Missing orthologue among BLAST hits"
[1] "XP_048600009.1: Missing orthologue among BLAST hits"
[1] "XP_048600575.1: Missing orthologue among BLAST hits"
[1] "XP_048601578.1: Missing orthologue among BLAST hits"
[1] "XP_048602098.1: Missing orthologue among BLAST hits"
[1] "XP_048604911.1: Missing orthologue among BLAST hits"
[1] "XP_048605145.1: Missing orthologue among BLAST hits"
[1] "XP_048605193.1: Missing orthologue among BLAST hits"
[1] "XP_048605305.1: Missing orthologue among BLAST hits"
[1] "XP_048605317.1: Missing orthologue among BLAST hits"
[1] "XP_048605364.1: Missing orthologue among BLAST hits"
[1] "XP_048605927.1: Missing orthologue among BLAST hits"
[1] "XP_048610847.1: Missing orthologue among BLAST hits"
[1] "XP_048611997.1: Missing orthologue among BLAST hits"
[1] "XP_048612002.1: Missing orthologue among BLAST hits"
[1] "XP_048612005.1: Missing orthologue among BLAST hits"
[1] "XP_048613316.1: Missing orthologue among BLAST hits"
[1] "XP_048613386.1: Missing orthologue among BLAST hits"
[1] "XP_048613429.1: Missing orthologue among BLAST hits"
[1] "XP_048614654.1: Missing orthologue among BLAST hits"
[1] "XP_048615501.1: Missing orthologue among BLAST hits"
[1] "XP_048615675.1: Missing orthologue among BLAST hits"
[1] "XP_048615710.1: Missing orthologue among BLAST hits"
[1] "XP_048615863.1: Missing orthologue among BLAST hits"
[1] "XP_048617006.1: Missing orthologue among BLAST hits"
[1] "XP_048617068.1: Missing orthologue among BLAST hits"
[1] "XP_048620286.1: Missing orthologue among BLAST hits"
[1] "XP_048620920.1: Missing orthologue among BLAST hits"
[1] "XP_048622652.1: Missing orthologue among BLAST hits"
[1] "XP_048622867.1: Missing orthologue among BLAST hits"
[1] "XP_048623614.1: Missing orthologue among BLAST hits"
[1] "XP_048626984.1: Missing orthologue among BLAST hits"
[1] "XP_048626986.1: Missing orthologue among BLAST hits"
[1] "XP_048627521.1: Missing orthologue among BLAST hits"
[1] "XP_048627733.1: Missing orthologue among BLAST hits"
[1] "XP_048627958.1: Missing orthologue among BLAST hits"
[1] "XP_048628043.1: Missing orthologue among BLAST hits"
[1] "XP_048628233.1: Missing orthologue among BLAST hits"
[1] "XP_048628475.1: Missing orthologue among BLAST hits"
[1] "XP_048630259.1: Missing orthologue among BLAST hits"
[1] "XP_048633930.1: Missing orthologue among BLAST hits"
[1] "XP_048634180.1: Missing orthologue among BLAST hits"
[1] "YP_717121.1: Missing orthologue among BLAST hits"
[1] "YP_717152.1: Missing orthologue among BLAST hits"
[1] "[2025-11-23 23:29:15] Exporting tables for Brassica_napus"
[1] "[2025-11-23 23:29:34] Brassica_napus done."
[1] "[2025-11-23 23:29:34] Reading orthologues table for Brassica_oleracea"
[1] "[2025-11-23 23:29:34] Supplementing orthologues from `Phylogenetic_Hierarchical_Orthogroups/N0.tsv` for Brassica_oleracea"
[1] "[2025-11-23 23:29:35] Supplementing orthologues from `Orthogroups/Orthogroups.tsv` for Brassica_oleracea"
[1] "[2025-11-23 23:29:35] Merging with blast RBH table for Brassica_oleracea"
[1] "[2025-11-23 23:29:36] Merging with simple Blast results for Brassica_oleracea"
[1] "[2025-11-23 23:29:47] choose the best hits for each query (target species) gene"
[1] "[2025-11-23 23:31:26] Final selection of orthologues for Brassica_oleracea"
[1] "[2025-11-23 23:31:26] loop for choosing best orthologue/homologue if there are multiple"
[1] "XP_013583274.1: Missing orthologue among BLAST hits"
[1] "XP_013583336.1: Missing orthologue among BLAST hits"
[1] "XP_013583429.1: Missing orthologue among BLAST hits"
[1] "XP_013589256.1: Missing orthologue among BLAST hits"
[1] "XP_013589283.1: Missing orthologue among BLAST hits"
[1] "XP_013589398.1: Missing orthologue among BLAST hits"
[1] "XP_013591267.1: Missing orthologue among BLAST hits"
[1] "XP_013594364.1: Missing orthologue among BLAST hits"
[1] "XP_013594703.1: Missing orthologue among BLAST hits"
[1] "XP_013594720.1: Missing orthologue among BLAST hits"
[1] "XP_013601140.1: Missing orthologue among BLAST hits"
[1] "XP_013601519.1: Missing orthologue among BLAST hits"
[1] "XP_013608037.1: Missing orthologue among BLAST hits"
[1] "XP_013608259.1: Missing orthologue among BLAST hits"
[1] "XP_013608346.1: Missing orthologue among BLAST hits"
[1] "XP_013614821.1: Missing orthologue among BLAST hits"
[1] "XP_013614958.1: Missing orthologue among BLAST hits"
[1] "XP_013615169.1: Missing orthologue among BLAST hits"
[1] "XP_013615203.1: Missing orthologue among BLAST hits"
[1] "XP_013615262.1: Missing orthologue among BLAST hits"
[1] "XP_013615269.1: Missing orthologue among BLAST hits"
[1] "XP_013615822.1: Missing orthologue among BLAST hits"
[1] "XP_013616941.1: Missing orthologue among BLAST hits"
[1] "XP_013617068.1: Missing orthologue among BLAST hits"
[1] "XP_013617143.1: Missing orthologue among BLAST hits"
[1] "XP_013617230.1: Missing orthologue among BLAST hits"
[1] "XP_013617795.1: Missing orthologue among BLAST hits"
[1] "XP_013620028.1: Missing orthologue among BLAST hits"
[1] "XP_013623499.1: Missing orthologue among BLAST hits"
[1] "XP_013624321.1: Missing orthologue among BLAST hits"
[1] "XP_013624697.1: Missing orthologue among BLAST hits"
[1] "XP_013624738.1: Missing orthologue among BLAST hits"
[1] "XP_013624887.1: Missing orthologue among BLAST hits"
[1] "XP_013625078.1: Missing orthologue among BLAST hits"
[1] "XP_013627385.1: Missing orthologue among BLAST hits"
[1] "XP_013628011.1: Missing orthologue among BLAST hits"
[1] "XP_013629106.1: Missing orthologue among BLAST hits"
[1] "XP_013632594.1: Missing orthologue among BLAST hits"
[1] "XP_013633351.1: Missing orthologue among BLAST hits"
[1] "XP_013635126.1: Missing orthologue among BLAST hits"
[1] "XP_013639093.1: Missing orthologue among BLAST hits"
[1] "XP_013639169.1: Missing orthologue among BLAST hits"
[1] "XP_013639639.1: Missing orthologue among BLAST hits"
[1] "XP_013639737.1: Missing orthologue among BLAST hits"
[1] "XP_013639786.1: Missing orthologue among BLAST hits"
[1] "YP_004927466.1: Missing orthologue among BLAST hits"
[1] "[2025-11-23 23:40:10] Exporting tables for Brassica_oleracea"
[1] "[2025-11-23 23:40:12] Brassica_oleracea done."
[1] "[2025-11-23 23:40:12] Reading orthologues table for Brassica_rapa"
[1] "[2025-11-23 23:40:13] Supplementing orthologues from `Phylogenetic_Hierarchical_Orthogroups/N0.tsv` for Brassica_rapa"
[1] "[2025-11-23 23:40:14] Supplementing orthologues from `Orthogroups/Orthogroups.tsv` for Brassica_rapa"
[1] "[2025-11-23 23:40:14] Merging with blast RBH table for Brassica_rapa"
[1] "[2025-11-23 23:40:15] Merging with simple Blast results for Brassica_rapa"
[1] "[2025-11-23 23:40:24] choose the best hits for each query (target species) gene"
[1] "[2025-11-23 23:41:43] Final selection of orthologues for Brassica_rapa"
[1] "[2025-11-23 23:41:43] loop for choosing best orthologue/homologue if there are multiple"
[1] "XP_009119509.1: Missing orthologue among BLAST hits"
[1] "XP_009150818.1: Missing orthologue among BLAST hits"
[1] "XP_018510870.2: Missing orthologue among BLAST hits"
[1] "XP_018513405.1: Missing orthologue among BLAST hits"
[1] "XP_033131973.1: Missing orthologue among BLAST hits"
[1] "XP_033143250.1: Missing orthologue among BLAST hits"
[1] "XP_033143620.1: Missing orthologue among BLAST hits"
[1] "XP_033143621.1: Missing orthologue among BLAST hits"
[1] "XP_033145226.1: Missing orthologue among BLAST hits"
[1] "XP_033145569.1: Missing orthologue among BLAST hits"
[1] "XP_033145921.1: Missing orthologue among BLAST hits"
[1] "[2025-11-23 23:50:23] Exporting tables for Brassica_rapa"
[1] "[2025-11-23 23:50:34] Brassica_rapa done."
[1] "[2025-11-23 23:50:34] Reading orthologues table for Camelina_sativa"
[1] "[2025-11-23 23:50:35] Supplementing orthologues from `Phylogenetic_Hierarchical_Orthogroups/N0.tsv` for Camelina_sativa"
[1] "[2025-11-23 23:50:35] Supplementing orthologues from `Orthogroups/Orthogroups.tsv` for Camelina_sativa"
[1] "[2025-11-23 23:50:36] Merging with blast RBH table for Camelina_sativa"
[1] "[2025-11-23 23:50:36] Merging with simple Blast results for Camelina_sativa"
[1] "[2025-11-23 23:50:52] choose the best hits for each query (target species) gene"
[1] "[2025-11-23 23:53:34] Final selection of orthologues for Camelina_sativa"
[1] "[2025-11-23 23:53:34] loop for choosing best orthologue/homologue if there are multiple"
[1] "XP_010412393.1: Missing orthologue among BLAST hits"
[1] "XP_010412410.1: Missing orthologue among BLAST hits"
[1] "XP_010412489.1: Missing orthologue among BLAST hits"
[1] "XP_010418325.2: Missing orthologue among BLAST hits"
[1] "XP_010418577.1: Missing orthologue among BLAST hits"
[1] "XP_010419054.1: Missing orthologue among BLAST hits"
[1] "XP_010419092.1: Missing orthologue among BLAST hits"
[1] "XP_010422038.1: Missing orthologue among BLAST hits"
[1] "XP_010424593.1: Missing orthologue among BLAST hits"
[1] "XP_010425975.1: Missing orthologue among BLAST hits"
[1] "XP_010427127.1: Missing orthologue among BLAST hits"
[1] "XP_010431586.1: Missing orthologue among BLAST hits"
[1] "XP_010442841.1: Missing orthologue among BLAST hits"
[1] "XP_010443008.1: Missing orthologue among BLAST hits"
[1] "XP_010445013.1: Missing orthologue among BLAST hits"
[1] "XP_010445484.1: Missing orthologue among BLAST hits"
[1] "XP_010445560.1: Missing orthologue among BLAST hits"
[1] "XP_010445721.1: Missing orthologue among BLAST hits"
[1] "XP_010451507.1: Missing orthologue among BLAST hits"
[1] "XP_010451521.1: Missing orthologue among BLAST hits"
[1] "XP_010451669.1: Missing orthologue among BLAST hits"
[1] "XP_010451903.1: Missing orthologue among BLAST hits"
[1] "XP_010455315.2: Missing orthologue among BLAST hits"
[1] "XP_010456831.1: Missing orthologue among BLAST hits"
[1] "XP_010468439.1: Missing orthologue among BLAST hits"
[1] "XP_010468580.1: Missing orthologue among BLAST hits"
[1] "XP_010468775.1: Missing orthologue among BLAST hits"
[1] "XP_010471472.1: Missing orthologue among BLAST hits"
[1] "XP_010474618.1: Missing orthologue among BLAST hits"
[1] "XP_010480868.1: Missing orthologue among BLAST hits"
[1] "XP_010480905.1: Missing orthologue among BLAST hits"
[1] "XP_010481206.1: Missing orthologue among BLAST hits"
[1] "XP_010484733.1: Missing orthologue among BLAST hits"
[1] "XP_010485185.1: Missing orthologue among BLAST hits"
[1] "XP_010490042.1: Missing orthologue among BLAST hits"
[1] "XP_010490116.1: Missing orthologue among BLAST hits"
[1] "XP_010490195.1: Missing orthologue among BLAST hits"
[1] "XP_010490225.1: Missing orthologue among BLAST hits"
[1] "XP_010490230.2: Missing orthologue among BLAST hits"
[1] "XP_010490455.1: Missing orthologue among BLAST hits"
[1] "XP_010495527.1: Missing orthologue among BLAST hits"
[1] "XP_010495654.1: Missing orthologue among BLAST hits"
[1] "XP_010495923.1: Missing orthologue among BLAST hits"
[1] "XP_010496928.1: Missing orthologue among BLAST hits"
[1] "XP_010497028.1: Missing orthologue among BLAST hits"
[1] "XP_010497042.1: Missing orthologue among BLAST hits"
[1] "XP_010497088.1: Missing orthologue among BLAST hits"
[1] "XP_010501572.1: Missing orthologue among BLAST hits"
[1] "XP_010501871.1: Missing orthologue among BLAST hits"
[1] "XP_010501997.1: Missing orthologue among BLAST hits"
[1] "XP_010503790.1: Missing orthologue among BLAST hits"
[1] "XP_010506895.1: Missing orthologue among BLAST hits"
[1] "XP_010507009.1: Missing orthologue among BLAST hits"
[1] "XP_010507045.1: Missing orthologue among BLAST hits"
[1] "XP_010507052.1: Missing orthologue among BLAST hits"
[1] "XP_010513293.1: Missing orthologue among BLAST hits"
[1] "XP_019082529.1: Missing orthologue among BLAST hits"
[1] "XP_019084024.1: Missing orthologue among BLAST hits"
[1] "XP_019084355.1: Missing orthologue among BLAST hits"
[1] "XP_019084371.1: Missing orthologue among BLAST hits"
[1] "XP_019085410.1: Missing orthologue among BLAST hits"
[1] "XP_019085419.1: Missing orthologue among BLAST hits"
[1] "XP_019085491.1: Missing orthologue among BLAST hits"
[1] "XP_019086085.1: Missing orthologue among BLAST hits"
[1] "XP_019087289.1: Missing orthologue among BLAST hits"
[1] "XP_019088638.1: Missing orthologue among BLAST hits"
[1] "XP_019088641.1: Missing orthologue among BLAST hits"
[1] "XP_019090727.1: Missing orthologue among BLAST hits"
[1] "XP_019093233.1: Missing orthologue among BLAST hits"
[1] "XP_019094760.1: Missing orthologue among BLAST hits"
[1] "XP_019095563.1: Missing orthologue among BLAST hits"
[1] "XP_019096291.1: Missing orthologue among BLAST hits"
[1] "XP_019096470.1: Missing orthologue among BLAST hits"
[1] "XP_019096503.1: Missing orthologue among BLAST hits"
[1] "XP_019096526.1: Missing orthologue among BLAST hits"
[1] "XP_019097289.1: Missing orthologue among BLAST hits"
[1] "XP_019097485.1: Missing orthologue among BLAST hits"
[1] "XP_019098379.1: Missing orthologue among BLAST hits"
[1] "XP_019100691.1: Missing orthologue among BLAST hits"
[1] "XP_019100906.1: Missing orthologue among BLAST hits"
[1] "XP_019100927.1: Missing orthologue among BLAST hits"
[1] "[2025-11-24 00:24:23] Exporting tables for Camelina_sativa"
[1] "[2025-11-24 00:24:26] Camelina_sativa done."
[1] "[2025-11-24 00:24:26] Reading orthologues table for Capsella_rubella"
[1] "[2025-11-24 00:24:27] Supplementing orthologues from `Phylogenetic_Hierarchical_Orthogroups/N0.tsv` for Capsella_rubella"
[1] "[2025-11-24 00:24:27] Supplementing orthologues from `Orthogroups/Orthogroups.tsv` for Capsella_rubella"
[1] "[2025-11-24 00:24:27] Merging with blast RBH table for Capsella_rubella"
[1] "[2025-11-24 00:24:28] Merging with simple Blast results for Capsella_rubella"
[1] "[2025-11-24 00:24:35] choose the best hits for each query (target species) gene"
[1] "[2025-11-24 00:25:26] Final selection of orthologues for Capsella_rubella"
[1] "[2025-11-24 00:25:26] loop for choosing best orthologue/homologue if there are multiple"
[1] "XP_023633343.1: Missing orthologue among BLAST hits"
[1] "XP_023633442.1: Missing orthologue among BLAST hits"
[1] "XP_023633532.1: Missing orthologue among BLAST hits"
[1] "XP_023633777.1: Missing orthologue among BLAST hits"
[1] "XP_023637630.1: Missing orthologue among BLAST hits"
[1] "XP_023640809.1: Missing orthologue among BLAST hits"
[1] "XP_023645967.1: Missing orthologue among BLAST hits"
[1] "[2025-11-24 00:28:40] Exporting tables for Capsella_rubella"
[1] "[2025-11-24 00:28:41] Capsella_rubella done."
[1] "[2025-11-24 00:28:41] Reading orthologues table for Cardamine_amara"
[1] "[2025-11-24 00:28:42] Supplementing orthologues from `Phylogenetic_Hierarchical_Orthogroups/N0.tsv` for Cardamine_amara"
[1] "[2025-11-24 00:28:43] Supplementing orthologues from `Orthogroups/Orthogroups.tsv` for Cardamine_amara"
[1] "[2025-11-24 00:28:43] Merging with blast RBH table for Cardamine_amara"
[1] "[2025-11-24 00:28:44] Merging with simple Blast results for Cardamine_amara"
[1] "[2025-11-24 00:28:50] choose the best hits for each query (target species) gene"
[1] "[2025-11-24 00:29:36] Final selection of orthologues for Cardamine_amara"
[1] "[2025-11-24 00:29:36] loop for choosing best orthologue/homologue if there are multiple"
[1] "evm.model.RL_1.1904: Missing orthologue among BLAST hits"
[1] "evm.model.RL_1.3117: Missing orthologue among BLAST hits"
[1] "evm.model.RL_2.286: Missing orthologue among BLAST hits"
[1] "evm.model.RL_2.842: Missing orthologue among BLAST hits"
[1] "evm.model.RL_3.586: Missing orthologue among BLAST hits"
[1] "evm.model.RL_4.405: Missing orthologue among BLAST hits"
[1] "evm.model.RL_6.1178: Missing orthologue among BLAST hits"
[1] "evm.model.RL_6.779: Missing orthologue among BLAST hits"
[1] "evm.model.RL_6.781: Missing orthologue among BLAST hits"
[1] "evm.model.RL_8.1556: Missing orthologue among BLAST hits"
[1] "[2025-11-24 00:31:45] Exporting tables for Cardamine_amara"
[1] "[2025-11-24 00:31:52] Cardamine_amara done."
[1] "[2025-11-24 00:31:52] Reading orthologues table for Cardamine_glauca"
[1] "[2025-11-24 00:31:53] Supplementing orthologues from `Phylogenetic_Hierarchical_Orthogroups/N0.tsv` for Cardamine_glauca"
[1] "[2025-11-24 00:31:54] Supplementing orthologues from `Orthogroups/Orthogroups.tsv` for Cardamine_glauca"
[1] "[2025-11-24 00:31:54] Merging with blast RBH table for Cardamine_glauca"
[1] "[2025-11-24 00:31:54] Merging with simple Blast results for Cardamine_glauca"
[1] "[2025-11-24 00:32:01] choose the best hits for each query (target species) gene"
[1] "[2025-11-24 00:32:47] Final selection of orthologues for Cardamine_glauca"
[1] "[2025-11-24 00:32:47] loop for choosing best orthologue/homologue if there are multiple"
[1] "Cg001G022230: Missing orthologue among BLAST hits"
[1] "Cg002G057540: Missing orthologue among BLAST hits"
[1] "Cg002G059980: Missing orthologue among BLAST hits"
[1] "Cg002G074750: Missing orthologue among BLAST hits"
[1] "Cg003G080250: Missing orthologue among BLAST hits"
[1] "Cg003G084910: Missing orthologue among BLAST hits"
[1] "Cg003G087270: Missing orthologue among BLAST hits"
[1] "Cg003G090340: Missing orthologue among BLAST hits"
[1] "Cg003G103950: Missing orthologue among BLAST hits"
[1] "Cg004G145200: Missing orthologue among BLAST hits"
[1] "Cg005G180320: Missing orthologue among BLAST hits"
[1] "Cg005G186560: Missing orthologue among BLAST hits"
[1] "Cg005G188150: Missing orthologue among BLAST hits"
[1] "Cg005G189270: Missing orthologue among BLAST hits"
[1] "Cg006G206200: Missing orthologue among BLAST hits"
[1] "Cg006G213190: Missing orthologue among BLAST hits"
[1] "Cg006G215630: Missing orthologue among BLAST hits"
[1] "[2025-11-24 00:35:19] Exporting tables for Cardamine_glauca"
[1] "[2025-11-24 00:35:20] Cardamine_glauca done."
[1] "[2025-11-24 00:35:21] Reading orthologues table for Cardamine_hirsuta"
[1] "[2025-11-24 00:35:21] Supplementing orthologues from `Phylogenetic_Hierarchical_Orthogroups/N0.tsv` for Cardamine_hirsuta"
[1] "[2025-11-24 00:35:21] Supplementing orthologues from `Orthogroups/Orthogroups.tsv` for Cardamine_hirsuta"
[1] "[2025-11-24 00:35:21] Merging with blast RBH table for Cardamine_hirsuta"
[1] "[2025-11-24 00:35:22] Merging with simple Blast results for Cardamine_hirsuta"
[1] "[2025-11-24 00:35:29] choose the best hits for each query (target species) gene"
[1] "[2025-11-24 00:36:23] Final selection of orthologues for Cardamine_hirsuta"
[1] "[2025-11-24 00:36:23] loop for choosing best orthologue/homologue if there are multiple"
[1] "CARHR003050: Missing orthologue among BLAST hits"
[1] "CARHR035710: Missing orthologue among BLAST hits"
[1] "CARHR053560: Missing orthologue among BLAST hits"
[1] "CARHR060450: Missing orthologue among BLAST hits"
[1] "CARHR100710: Missing orthologue among BLAST hits"
[1] "CARHR105800: Missing orthologue among BLAST hits"
[1] "CARHR115250: Missing orthologue among BLAST hits"
[1] "CARHR115630: Missing orthologue among BLAST hits"
[1] "CARHR116610: Missing orthologue among BLAST hits"
[1] "CARHR118560: Missing orthologue among BLAST hits"
[1] "CARHR145310: Missing orthologue among BLAST hits"
[1] "CARHR146330: Missing orthologue among BLAST hits"
[1] "CARHR147320: Missing orthologue among BLAST hits"
[1] "CARHR149230: Missing orthologue among BLAST hits"
[1] "CARHR150680: Missing orthologue among BLAST hits"
[1] "CARHR152500: Missing orthologue among BLAST hits"
[1] "CARHR153510: Missing orthologue among BLAST hits"
[1] "CARHR179640: Missing orthologue among BLAST hits"
[1] "CARHR181090: Missing orthologue among BLAST hits"
[1] "CARHR181790: Missing orthologue among BLAST hits"
[1] "CARHR184520: Missing orthologue among BLAST hits"
[1] "CARHR216880: Missing orthologue among BLAST hits"
[1] "CARHR235030: Missing orthologue among BLAST hits"
[1] "CARHR254750: Missing orthologue among BLAST hits"
[1] "CARHR256350: Missing orthologue among BLAST hits"
[1] "CARHR257980: Missing orthologue among BLAST hits"
[1] "CARHR264480: Missing orthologue among BLAST hits"
[1] "CARHR268070: Missing orthologue among BLAST hits"
[1] "[2025-11-24 00:41:40] Exporting tables for Cardamine_hirsuta"
[1] "[2025-11-24 00:41:41] Cardamine_hirsuta done."
[1] "[2025-11-24 00:41:41] Reading orthologues table for Cochlearia_excelsa"
[1] "[2025-11-24 00:41:41] Supplementing orthologues from `Phylogenetic_Hierarchical_Orthogroups/N0.tsv` for Cochlearia_excelsa"
[1] "[2025-11-24 00:41:42] Supplementing orthologues from `Orthogroups/Orthogroups.tsv` for Cochlearia_excelsa"
[1] "[2025-11-24 00:41:42] Merging with blast RBH table for Cochlearia_excelsa"
[1] "[2025-11-24 00:41:42] Merging with simple Blast results for Cochlearia_excelsa"
[1] "[2025-11-24 00:41:49] choose the best hits for each query (target species) gene"
[1] "[2025-11-24 00:43:08] Final selection of orthologues for Cochlearia_excelsa"
[1] "[2025-11-24 00:43:08] loop for choosing best orthologue/homologue if there are multiple"
[1] "g11293: Missing orthologue among BLAST hits"
[1] "g11497: Missing orthologue among BLAST hits"
[1] "g11716: Missing orthologue among BLAST hits"
[1] "g11774: Missing orthologue among BLAST hits"
[1] "g14225: Missing orthologue among BLAST hits"
[1] "g14390: Missing orthologue among BLAST hits"
[1] "g14417: Missing orthologue among BLAST hits"
[1] "g14468: Missing orthologue among BLAST hits"
[1] "g1467: Missing orthologue among BLAST hits"
[1] "g1472: Missing orthologue among BLAST hits"
[1] "g14949: Missing orthologue among BLAST hits"
[1] "g15781: Missing orthologue among BLAST hits"
[1] "g15993: Missing orthologue among BLAST hits"
[1] "g1630: Missing orthologue among BLAST hits"
[1] "g16614: Missing orthologue among BLAST hits"
[1] "g1666: Missing orthologue among BLAST hits"
[1] "g18412: Missing orthologue among BLAST hits"
[1] "g18418: Missing orthologue among BLAST hits"
[1] "g18445: Missing orthologue among BLAST hits"
[1] "g20234: Missing orthologue among BLAST hits"
[1] "g20244: Missing orthologue among BLAST hits"
[1] "g22663: Missing orthologue among BLAST hits"
[1] "g23101: Missing orthologue among BLAST hits"
[1] "g24107: Missing orthologue among BLAST hits"
[1] "g24881: Missing orthologue among BLAST hits"
[1] "g24937: Missing orthologue among BLAST hits"
[1] "g25134: Missing orthologue among BLAST hits"
[1] "g25872: Missing orthologue among BLAST hits"
[1] "g26718: Missing orthologue among BLAST hits"
[1] "g26735: Missing orthologue among BLAST hits"
[1] "g26783: Missing orthologue among BLAST hits"
[1] "g27507: Missing orthologue among BLAST hits"
[1] "g27531: Missing orthologue among BLAST hits"
[1] "g28182: Missing orthologue among BLAST hits"
[1] "g28224: Missing orthologue among BLAST hits"
[1] "g2982: Missing orthologue among BLAST hits"
[1] "g30017: Missing orthologue among BLAST hits"
[1] "g30027: Missing orthologue among BLAST hits"
[1] "g30303: Missing orthologue among BLAST hits"
[1] "g32639: Missing orthologue among BLAST hits"
[1] "g33150: Missing orthologue among BLAST hits"
[1] "g33267: Missing orthologue among BLAST hits"
[1] "g33339: Missing orthologue among BLAST hits"
[1] "g34726: Missing orthologue among BLAST hits"
[1] "g34784: Missing orthologue among BLAST hits"
[1] "g3550: Missing orthologue among BLAST hits"
[1] "g35681: Missing orthologue among BLAST hits"
[1] "g36794: Missing orthologue among BLAST hits"
[1] "g3713: Missing orthologue among BLAST hits"
[1] "g37948: Missing orthologue among BLAST hits"
[1] "g38320: Missing orthologue among BLAST hits"
[1] "g40050: Missing orthologue among BLAST hits"
[1] "g40876: Missing orthologue among BLAST hits"
[1] "g41357: Missing orthologue among BLAST hits"
[1] "g41636: Missing orthologue among BLAST hits"
[1] "g42736: Missing orthologue among BLAST hits"
[1] "g42924: Missing orthologue among BLAST hits"
[1] "g4309: Missing orthologue among BLAST hits"
[1] "g43359: Missing orthologue among BLAST hits"
[1] "g43360: Missing orthologue among BLAST hits"
[1] "g43677: Missing orthologue among BLAST hits"
[1] "g43706: Missing orthologue among BLAST hits"
[1] "g4396: Missing orthologue among BLAST hits"
[1] "g44256: Missing orthologue among BLAST hits"
[1] "g44800: Missing orthologue among BLAST hits"
[1] "g4483: Missing orthologue among BLAST hits"
[1] "g45682: Missing orthologue among BLAST hits"
[1] "g4724: Missing orthologue among BLAST hits"
[1] "g49077: Missing orthologue among BLAST hits"
[1] "g49151: Missing orthologue among BLAST hits"
[1] "g49473: Missing orthologue among BLAST hits"
[1] "g49591: Missing orthologue among BLAST hits"
[1] "g49844: Missing orthologue among BLAST hits"
[1] "g49937: Missing orthologue among BLAST hits"
[1] "g52610: Missing orthologue among BLAST hits"
[1] "g52670: Missing orthologue among BLAST hits"
[1] "g52922: Missing orthologue among BLAST hits"
[1] "g53018: Missing orthologue among BLAST hits"
[1] "g6351: Missing orthologue among BLAST hits"
[1] "g8800: Missing orthologue among BLAST hits"
[1] "[2025-11-24 00:47:37] Exporting tables for Cochlearia_excelsa"
[1] "[2025-11-24 00:47:39] Cochlearia_excelsa done."
[1] "[2025-11-24 00:47:39] Reading orthologues table for Conringia_planisiliqua"
[1] "[2025-11-24 00:47:40] Supplementing orthologues from `Phylogenetic_Hierarchical_Orthogroups/N0.tsv` for Conringia_planisiliqua"
[1] "[2025-11-24 00:47:40] Supplementing orthologues from `Orthogroups/Orthogroups.tsv` for Conringia_planisiliqua"
[1] "[2025-11-24 00:47:40] Merging with blast RBH table for Conringia_planisiliqua"
[1] "[2025-11-24 00:47:40] Merging with simple Blast results for Conringia_planisiliqua"
[1] "[2025-11-24 00:47:47] choose the best hits for each query (target species) gene"
[1] "[2025-11-24 00:48:36] Final selection of orthologues for Conringia_planisiliqua"
[1] "[2025-11-24 00:48:36] loop for choosing best orthologue/homologue if there are multiple"
[1] "CP10_g43899_DN1_SP0_c.t1: Missing orthologue among BLAST hits"
[1] "CP12_g30528_DN1_SP0_c.t1: Missing orthologue among BLAST hits"
[1] "CP12_g31534_DN1_SP0_c.t1: Missing orthologue among BLAST hits"
[1] "CP14_g23480_DN3_SP0_c.t1: Missing orthologue among BLAST hits"
[1] "CP15_g34532_DN1_SP0_c.t1: Missing orthologue among BLAST hits"
[1] "CP15_g35524_DN2_SP0_c.t1: Missing orthologue among BLAST hits"
[1] "CP15_g36136_DN2_SP0_c.t1: Missing orthologue among BLAST hits"
[1] "CP173_g41468_DN1_SP0_c.t1: Missing orthologue among BLAST hits"
[1] "CP17_g5014_DN2_SP0_c.t1: Missing orthologue among BLAST hits"
[1] "CP17_g5930_DN1_SP0_c.t1: Missing orthologue among BLAST hits"
[1] "CP18_g12172_DN1_SP0_c.t1: Missing orthologue among BLAST hits"
[1] "CP18_g12477_DN3_SP0_c.t1: Missing orthologue among BLAST hits"
[1] "CP1_g38149_DN2_SP0_c.t1: Missing orthologue among BLAST hits"
[1] "CP1_g38521_DN1_SP0_c.t1: Missing orthologue among BLAST hits"
[1] "CP1_g38969_DN1_SP0_c.t1: Missing orthologue among BLAST hits"
[1] "CP1_g39707_DN1_SP0_c.t1: Missing orthologue among BLAST hits"
[1] "CP1_g39884_DN1_SP0_c.t1: Missing orthologue among BLAST hits"
[1] "CP1_g39948_DN1_SP0_c.t1: Missing orthologue among BLAST hits"
[1] "CP1_g40795_DN2_SP0_c.t1: Missing orthologue among BLAST hits"
[1] "CP22_g17192_DN1_SP0_c.t1: Missing orthologue among BLAST hits"
[1] "CP22_g17668_DN1_SP0_c.t1: Missing orthologue among BLAST hits"
[1] "CP22_g17669_DN1_SP0_c.t1: Missing orthologue among BLAST hits"
[1] "CP27_g41816_DN1_SP0_c.t1: Missing orthologue among BLAST hits"
[1] "CP2_g49698_DN1_SP0_c.t1: Missing orthologue among BLAST hits"
[1] "CP2_g50163_DN2_SP0_c.t1: Missing orthologue among BLAST hits"
[1] "CP30_g10197_DN3_SP0_c.t1: Missing orthologue among BLAST hits"
[1] "CP3_g14116_DN1_SP0_c.t1: Missing orthologue among BLAST hits"
[1] "CP3_g15162_DN1_SP0_c.t1: Missing orthologue among BLAST hits"
[1] "CP3_g15599_DN1_SP0_c.t1: Missing orthologue among BLAST hits"
[1] "CP3_g15821_DN1_SP0_c.t1: Missing orthologue among BLAST hits"
[1] "CP3_g16601_DN1_SP0_c.t1: Missing orthologue among BLAST hits"
[1] "CP410_g51854_DN2_SP0_c.t1: Missing orthologue among BLAST hits"
[1] "CP4_g26231_DN1_SP0_c.t1: Missing orthologue among BLAST hits"
[1] "CP4_g26314_DN1_SP0_c.t1: Missing orthologue among BLAST hits"
[1] "CP4_g26835_DN2_SP0_c.t1: Missing orthologue among BLAST hits"
[1] "CP4_g26940_DN2_SP0_c.t1: Missing orthologue among BLAST hits"
[1] "CP5_g1517_DN2_SP0_c.t1: Missing orthologue among BLAST hits"
[1] "CP5_g2151_DN1_SP0_c.t1: Missing orthologue among BLAST hits"
[1] "CP5_g2304_DN1_SP0_c.t1: Missing orthologue among BLAST hits"
[1] "CP5_g2451_DN1_SP0_c.t1: Missing orthologue among BLAST hits"
[1] "CP5_g3250_DN3_SP0_c.t1: Missing orthologue among BLAST hits"
[1] "CP5_g3310_DN3_SP0_c.t1: Missing orthologue among BLAST hits"
[1] "CP6_g7568_DN3_SP0_c.t1: Missing orthologue among BLAST hits"
[1] "CP6_g7966_DN2_SP0_c.t1: Missing orthologue among BLAST hits"
[1] "CP6_g9755_DN1_SP0_c.t1: Missing orthologue among BLAST hits"
[1] "CP7_g44194_DN1_SP0_c.t1: Missing orthologue among BLAST hits"
[1] "CP7_g44473_DN2_SP0_c.t1: Missing orthologue among BLAST hits"
[1] "CP8_g52209_DN3_SP0_c.t1: Missing orthologue among BLAST hits"
[1] "CP8_g52647_DN1_SP0_c.t1: Missing orthologue among BLAST hits"
[1] "CP8_g52677_DN2_SP0_c.t1: Missing orthologue among BLAST hits"
[1] "CP8_g52930_DN2_SP0_c.t1: Missing orthologue among BLAST hits"
[1] "CP9_g27577_DN3_SP0_c.t1: Missing orthologue among BLAST hits"
[1] "CP9_g27694_DN1_SP0_c.t1: Missing orthologue among BLAST hits"
[1] "CP9_g27817_DN2_SP0_c.t1: Missing orthologue among BLAST hits"
[1] "CP9_g27889_DN1_SP0_c.t1: Missing orthologue among BLAST hits"
[1] "CP9_g27891_DN2_SP0_c.t1: Missing orthologue among BLAST hits"
[1] "CP9_g27968_DN2_SP0_c.t1: Missing orthologue among BLAST hits"
[1] "CP9_g27996_DN3_SP0_c.t1: Missing orthologue among BLAST hits"
[1] "CP9_g28140_DN3_SP0_c.t1: Missing orthologue among BLAST hits"
[1] "[2025-11-24 00:51:05] Exporting tables for Conringia_planisiliqua"
[1] "[2025-11-24 00:51:07] Conringia_planisiliqua done."
[1] "[2025-11-24 00:51:07] Reading orthologues table for Erysimum_linariifolium"
[1] "[2025-11-24 00:51:07] Supplementing orthologues from `Phylogenetic_Hierarchical_Orthogroups/N0.tsv` for Erysimum_linariifolium"
[1] "[2025-11-24 00:51:08] Supplementing orthologues from `Orthogroups/Orthogroups.tsv` for Erysimum_linariifolium"
[1] "[2025-11-24 00:51:08] Merging with blast RBH table for Erysimum_linariifolium"
[1] "[2025-11-24 00:51:08] Merging with simple Blast results for Erysimum_linariifolium"
[1] "[2025-11-24 00:51:16] choose the best hits for each query (target species) gene"
[1] "[2025-11-24 00:52:11] Final selection of orthologues for Erysimum_linariifolium"
[1] "[2025-11-24 00:52:11] loop for choosing best orthologue/homologue if there are multiple"
[1] "El001G008480: Missing orthologue among BLAST hits"
[1] "El001G039020: Missing orthologue among BLAST hits"
[1] "El001G041940: Missing orthologue among BLAST hits"
[1] "El001G043750: Missing orthologue among BLAST hits"
[1] "El001G070000: Missing orthologue among BLAST hits"
[1] "El002G096730: Missing orthologue among BLAST hits"
[1] "El002G106850: Missing orthologue among BLAST hits"
[1] "El002G116850: Missing orthologue among BLAST hits"
[1] "El002G120930: Missing orthologue among BLAST hits"
[1] "El002G122720: Missing orthologue among BLAST hits"
[1] "El002G135590: Missing orthologue among BLAST hits"
[1] "El002G141120: Missing orthologue among BLAST hits"
[1] "El003G182320: Missing orthologue among BLAST hits"
[1] "El003G183090: Missing orthologue among BLAST hits"
[1] "El003G189540: Missing orthologue among BLAST hits"
[1] "El004G202650: Missing orthologue among BLAST hits"
[1] "El004G214890: Missing orthologue among BLAST hits"
[1] "El004G220110: Missing orthologue among BLAST hits"
[1] "El004G225620: Missing orthologue among BLAST hits"
[1] "El005G252390: Missing orthologue among BLAST hits"
[1] "El005G263180: Missing orthologue among BLAST hits"
[1] "El005G268730: Missing orthologue among BLAST hits"
[1] "El006G289540: Missing orthologue among BLAST hits"
[1] "El006G290690: Missing orthologue among BLAST hits"
[1] "El006G308280: Missing orthologue among BLAST hits"
[1] "El006G311790: Missing orthologue among BLAST hits"
[1] "El006G313170: Missing orthologue among BLAST hits"
[1] "El006G319420: Missing orthologue among BLAST hits"
[1] "El007G346920: Missing orthologue among BLAST hits"
[1] "El007G348140: Missing orthologue among BLAST hits"
[1] "El007G348880: Missing orthologue among BLAST hits"
[1] "El007G349440: Missing orthologue among BLAST hits"
[1] "El007G349580: Missing orthologue among BLAST hits"
[1] "El007G349590: Missing orthologue among BLAST hits"
[1] "El007G351610: Missing orthologue among BLAST hits"
[1] "El007G352000: Missing orthologue among BLAST hits"
[1] "El007G355380: Missing orthologue among BLAST hits"
[1] "El007G361100: Missing orthologue among BLAST hits"
[1] "El007G361150: Missing orthologue among BLAST hits"
[1] "El035G374290: Missing orthologue among BLAST hits"
[1] "[2025-11-24 00:56:52] Exporting tables for Erysimum_linariifolium"
[1] "[2025-11-24 00:56:54] Erysimum_linariifolium done."
[1] "[2025-11-24 00:56:54] Reading orthologues table for Euclidium_syriacum"
[1] "[2025-11-24 00:56:54] Supplementing orthologues from `Phylogenetic_Hierarchical_Orthogroups/N0.tsv` for Euclidium_syriacum"
[1] "[2025-11-24 00:56:54] Supplementing orthologues from `Orthogroups/Orthogroups.tsv` for Euclidium_syriacum"
[1] "[2025-11-24 00:56:55] Merging with blast RBH table for Euclidium_syriacum"
[1] "[2025-11-24 00:56:55] Merging with simple Blast results for Euclidium_syriacum"
[1] "[2025-11-24 00:57:01] choose the best hits for each query (target species) gene"
[1] "[2025-11-24 00:57:52] Final selection of orthologues for Euclidium_syriacum"
[1] "[2025-11-24 00:57:52] loop for choosing best orthologue/homologue if there are multiple"
[1] "ESY10_g14733_DN2_SP0_c0.t1: Missing orthologue among BLAST hits"
[1] "ESY10_g15003_DN2_SP0_c0.t1: Missing orthologue among BLAST hits"
[1] "ESY11_g53352_DN1_SP0_c0.t1: Missing orthologue among BLAST hits"
[1] "ESY11_g53642_DN3_SP0_c0.t1: Missing orthologue among BLAST hits"
[1] "ESY12_g51083_DN2_SP0_c0.t1: Missing orthologue among BLAST hits"
[1] "ESY12_g51930_DN3_SP0_c0.t1: Missing orthologue among BLAST hits"
[1] "ESY14_g21238_DN3_SP0_c0.t1: Missing orthologue among BLAST hits"
[1] "ESY15_g64638_DN3_SP0_c0.t1: Missing orthologue among BLAST hits"
[1] "ESY15_g64840_DN3_SP0_c0.t1: Missing orthologue among BLAST hits"
[1] "ESY1_g10206_DN1_SP0_c0.t1: Missing orthologue among BLAST hits"
[1] "ESY1_g10225_DN1_SP0_c0.t1: Missing orthologue among BLAST hits"
[1] "ESY1_g10587_DN2_SP0_c0.t1: Missing orthologue among BLAST hits"
[1] "ESY1_g7826_DN2_SP0_c27.t1: Missing orthologue among BLAST hits"
[1] "ESY1_g8102_DN2_SP0_c88.t1: Missing orthologue among BLAST hits"
[1] "ESY1_g9127_DN1_SP0_c0.t1: Missing orthologue among BLAST hits"
[1] "ESY1_g9429_DN2_SP0_c0.t1: Missing orthologue among BLAST hits"
[1] "ESY1_g9594_DN2_SP0_c0.t1: Missing orthologue among BLAST hits"
[1] "ESY2_g36312_DN1_SP0_c0.t1: Missing orthologue among BLAST hits"
[1] "ESY2_g37281_DN2_SP0_c83.t1: Missing orthologue among BLAST hits"
[1] "ESY3_g28395_DN3_SP0_c0.t1: Missing orthologue among BLAST hits"
[1] "ESY3_g28473_DN1_SP0_c0.t1: Missing orthologue among BLAST hits"
[1] "ESY3_g31812_DN2_SP0_c0.t1: Missing orthologue among BLAST hits"
[1] "ESY3_g32161_DN1_SP0_c0.t1: Missing orthologue among BLAST hits"
[1] "ESY4_g24391_DN2_SP0_c0.t1: Missing orthologue among BLAST hits"
[1] "ESY4_g24688_DN1_SP0_c0.t1: Missing orthologue among BLAST hits"
[1] "ESY4_g25565_DN1_SP0_c0.t1: Missing orthologue among BLAST hits"
[1] "ESY4_g26025_DN2_SP0_c0.t1: Missing orthologue among BLAST hits"
[1] "ESY4_g26838_DN3_SP0_c0.t1: Missing orthologue among BLAST hits"
[1] "ESY6_g47698_DN2_SP0_c100.t1: Missing orthologue among BLAST hits"
[1] "ESY7_g18066_DN2_SP0_c0.t1: Missing orthologue among BLAST hits"
[1] "ESY7_g18979_DN3_SP0_c0.t1: Missing orthologue among BLAST hits"
[1] "ESY7_g19226_DN2_SP0_c46.t1: Missing orthologue among BLAST hits"
[1] "ESY8_g59703_DN1_SP8_c0.t1: Missing orthologue among BLAST hits"
[1] "ESY8_g59723_DN2_SP0_c0.t1: Missing orthologue among BLAST hits"
[1] "ESY9_g42649_DN1_SP0_c0.t1: Missing orthologue among BLAST hits"
[1] "ESY9_g42939_DN2_SP0_c0.t1: Missing orthologue among BLAST hits"
[1] "ESY9_g43985_DN3_SP0_c0.t1: Missing orthologue among BLAST hits"
[1] "[2025-11-24 01:01:55] Exporting tables for Euclidium_syriacum"
[1] "[2025-11-24 01:01:57] Euclidium_syriacum done."
[1] "[2025-11-24 01:01:57] Reading orthologues table for Eutrema_salsugineum"
[1] "[2025-11-24 01:01:57] Supplementing orthologues from `Phylogenetic_Hierarchical_Orthogroups/N0.tsv` for Eutrema_salsugineum"
[1] "[2025-11-24 01:01:58] Supplementing orthologues from `Orthogroups/Orthogroups.tsv` for Eutrema_salsugineum"
[1] "[2025-11-24 01:01:58] Merging with blast RBH table for Eutrema_salsugineum"
[1] "[2025-11-24 01:01:59] Merging with simple Blast results for Eutrema_salsugineum"
[1] "[2025-11-24 01:02:06] choose the best hits for each query (target species) gene"
[1] "[2025-11-24 01:02:54] Final selection of orthologues for Eutrema_salsugineum"
[1] "[2025-11-24 01:02:54] loop for choosing best orthologue/homologue if there are multiple"
[1] "XP_006398077.1: Missing orthologue among BLAST hits"
[1] "XP_024004039.1: Missing orthologue among BLAST hits"
[1] "XP_024004072.1: Missing orthologue among BLAST hits"
[1] "XP_024004336.1: Missing orthologue among BLAST hits"
[1] "XP_024004423.1: Missing orthologue among BLAST hits"
[1] "XP_024005444.1: Missing orthologue among BLAST hits"
[1] "XP_024007970.1: Missing orthologue among BLAST hits"
[1] "XP_024009191.1: Missing orthologue among BLAST hits"
[1] "XP_024009259.1: Missing orthologue among BLAST hits"
[1] "XP_024009261.1: Missing orthologue among BLAST hits"
[1] "XP_024009407.1: Missing orthologue among BLAST hits"
[1] "XP_024009427.1: Missing orthologue among BLAST hits"
[1] "XP_024009752.1: Missing orthologue among BLAST hits"
[1] "XP_024010288.1: Missing orthologue among BLAST hits"
[1] "XP_024010290.1: Missing orthologue among BLAST hits"
[1] "XP_024013171.1: Missing orthologue among BLAST hits"
[1] "XP_024013800.1: Missing orthologue among BLAST hits"
[1] "XP_024014283.1: Missing orthologue among BLAST hits"
[1] "XP_024014781.1: Missing orthologue among BLAST hits"
[1] "XP_024014912.1: Missing orthologue among BLAST hits"
[1] "XP_024016213.1: Missing orthologue among BLAST hits"
[1] "XP_024016261.1: Missing orthologue among BLAST hits"
[1] "XP_024016332.1: Missing orthologue among BLAST hits"
[1] "[2025-11-24 01:06:14] Exporting tables for Eutrema_salsugineum"
[1] "[2025-11-24 01:06:15] Eutrema_salsugineum done."
[1] "[2025-11-24 01:06:15] Reading orthologues table for Noccaea_praecox"
[1] "[2025-11-24 01:06:16] Supplementing orthologues from `Phylogenetic_Hierarchical_Orthogroups/N0.tsv` for Noccaea_praecox"
[1] "[2025-11-24 01:06:16] Supplementing orthologues from `Orthogroups/Orthogroups.tsv` for Noccaea_praecox"
[1] "[2025-11-24 01:06:16] Merging with blast RBH table for Noccaea_praecox"
[1] "[2025-11-24 01:06:17] Merging with simple Blast results for Noccaea_praecox"
[1] "[2025-11-24 01:06:25] choose the best hits for each query (target species) gene"
[1] "[2025-11-24 01:07:19] Final selection of orthologues for Noccaea_praecox"
[1] "[2025-11-24 01:07:19] loop for choosing best orthologue/homologue if there are multiple"
[1] "Np001G012870: Missing orthologue among BLAST hits"
[1] "Np001G012890: Missing orthologue among BLAST hits"
[1] "Np001G021440: Missing orthologue among BLAST hits"
[1] "Np001G029170: Missing orthologue among BLAST hits"
[1] "Np001G039430: Missing orthologue among BLAST hits"
[1] "Np001G059550: Missing orthologue among BLAST hits"
[1] "Np002G078060: Missing orthologue among BLAST hits"
[1] "Np002G088460: Missing orthologue among BLAST hits"
[1] "Np002G090130: Missing orthologue among BLAST hits"
[1] "Np002G093480: Missing orthologue among BLAST hits"
[1] "Np002G098830: Missing orthologue among BLAST hits"
[1] "Np002G101800: Missing orthologue among BLAST hits"
[1] "Np002G102670: Missing orthologue among BLAST hits"
[1] "Np002G103350: Missing orthologue among BLAST hits"
[1] "Np002G106360: Missing orthologue among BLAST hits"
[1] "Np002G110360: Missing orthologue among BLAST hits"
[1] "Np003G138020: Missing orthologue among BLAST hits"
[1] "Np003G144700: Missing orthologue among BLAST hits"
[1] "Np003G145220: Missing orthologue among BLAST hits"
[1] "Np003G158880: Missing orthologue among BLAST hits"
[1] "Np003G170800: Missing orthologue among BLAST hits"
[1] "Np003G170890: Missing orthologue among BLAST hits"
[1] "Np003G174460: Missing orthologue among BLAST hits"
[1] "Np003G175080: Missing orthologue among BLAST hits"
[1] "Np003G187260: Missing orthologue among BLAST hits"
[1] "Np004G199140: Missing orthologue among BLAST hits"
[1] "Np004G214640: Missing orthologue among BLAST hits"
[1] "Np004G215190: Missing orthologue among BLAST hits"
[1] "Np004G216110: Missing orthologue among BLAST hits"
[1] "Np004G216670: Missing orthologue among BLAST hits"
[1] "Np004G225350: Missing orthologue among BLAST hits"
[1] "Np004G232970: Missing orthologue among BLAST hits"
[1] "Np005G270940: Missing orthologue among BLAST hits"
[1] "Np005G282430: Missing orthologue among BLAST hits"
[1] "Np005G291850: Missing orthologue among BLAST hits"
[1] "Np005G307160: Missing orthologue among BLAST hits"
[1] "Np006G343030: Missing orthologue among BLAST hits"
[1] "Np006G344680: Missing orthologue among BLAST hits"
[1] "Np006G352060: Missing orthologue among BLAST hits"
[1] "Np006G355750: Missing orthologue among BLAST hits"
[1] "Np006G356860: Missing orthologue among BLAST hits"
[1] "Np007G377760: Missing orthologue among BLAST hits"
[1] "Np007G396290: Missing orthologue among BLAST hits"
[1] "Np007G401320: Missing orthologue among BLAST hits"
[1] "Np007G402490: Missing orthologue among BLAST hits"
[1] "Np007G412270: Missing orthologue among BLAST hits"
[1] "Np007G423950: Missing orthologue among BLAST hits"
[1] "Np008G427710: Missing orthologue among BLAST hits"
[1] "Np022G439360: Missing orthologue among BLAST hits"
[1] "Np032G440230: Missing orthologue among BLAST hits"
[1] "Np035G440460: Missing orthologue among BLAST hits"
[1] "Np036G440560: Missing orthologue among BLAST hits"
[1] "Np046G441000: Missing orthologue among BLAST hits"
[1] "Np047G441050: Missing orthologue among BLAST hits"
[1] "[2025-11-24 01:11:31] Exporting tables for Noccaea_praecox"
[1] "[2025-11-24 01:11:32] Noccaea_praecox done."
[1] "[2025-11-24 01:11:32] Reading orthologues table for Odontarrhena_muralis"
[1] "[2025-11-24 01:11:33] Supplementing orthologues from `Phylogenetic_Hierarchical_Orthogroups/N0.tsv` for Odontarrhena_muralis"
[1] "[2025-11-24 01:11:33] Supplementing orthologues from `Orthogroups/Orthogroups.tsv` for Odontarrhena_muralis"
[1] "[2025-11-24 01:11:34] Merging with blast RBH table for Odontarrhena_muralis"
[1] "[2025-11-24 01:11:34] Merging with simple Blast results for Odontarrhena_muralis"
[1] "[2025-11-24 01:11:41] choose the best hits for each query (target species) gene"
[1] "[2025-11-24 01:12:31] Final selection of orthologues for Odontarrhena_muralis"
[1] "[2025-11-24 01:12:31] loop for choosing best orthologue/homologue if there are multiple"
[1] "Om001G015550: Missing orthologue among BLAST hits"
[1] "Om001G019220: Missing orthologue among BLAST hits"
[1] "Om001G020780: Missing orthologue among BLAST hits"
[1] "Om001G030540: Missing orthologue among BLAST hits"
[1] "Om002G057270: Missing orthologue among BLAST hits"
[1] "Om002G057790: Missing orthologue among BLAST hits"
[1] "Om002G076060: Missing orthologue among BLAST hits"
[1] "Om002G077150: Missing orthologue among BLAST hits"
[1] "Om002G081150: Missing orthologue among BLAST hits"
[1] "Om002G081220: Missing orthologue among BLAST hits"
[1] "Om002G089170: Missing orthologue among BLAST hits"
[1] "Om003G100620: Missing orthologue among BLAST hits"
[1] "Om003G104130: Missing orthologue among BLAST hits"
[1] "Om003G106820: Missing orthologue among BLAST hits"
[1] "Om003G110250: Missing orthologue among BLAST hits"
[1] "Om003G112530: Missing orthologue among BLAST hits"
[1] "Om003G121930: Missing orthologue among BLAST hits"
[1] "Om004G141530: Missing orthologue among BLAST hits"
[1] "Om004G146620: Missing orthologue among BLAST hits"
[1] "Om004G151740: Missing orthologue among BLAST hits"
[1] "Om004G151870: Missing orthologue among BLAST hits"
[1] "Om004G152350: Missing orthologue among BLAST hits"
[1] "Om005G204330: Missing orthologue among BLAST hits"
[1] "Om005G217130: Missing orthologue among BLAST hits"
[1] "Om005G226590: Missing orthologue among BLAST hits"
[1] "Om006G244070: Missing orthologue among BLAST hits"
[1] "Om006G257980: Missing orthologue among BLAST hits"
[1] "Om006G266940: Missing orthologue among BLAST hits"
[1] "Om007G291430: Missing orthologue among BLAST hits"
[1] "Om007G307170: Missing orthologue among BLAST hits"
[1] "Om007G307980: Missing orthologue among BLAST hits"
[1] "Om007G308810: Missing orthologue among BLAST hits"
[1] "Om007G309960: Missing orthologue among BLAST hits"
[1] "Om007G313150: Missing orthologue among BLAST hits"
[1] "Om007G313790: Missing orthologue among BLAST hits"
[1] "Om008G319430: Missing orthologue among BLAST hits"
[1] "Om008G331340: Missing orthologue among BLAST hits"
[1] "Om008G339990: Missing orthologue among BLAST hits"
[1] "Om008G344510: Missing orthologue among BLAST hits"
[1] "Om008G346020: Missing orthologue among BLAST hits"
[1] "Om008G347760: Missing orthologue among BLAST hits"
[1] "Om008G348300: Missing orthologue among BLAST hits"
[1] "Om008G358870: Missing orthologue among BLAST hits"
[1] "Om009G364000: Missing orthologue among BLAST hits"
[1] "[2025-11-24 01:16:35] Exporting tables for Odontarrhena_muralis"
[1] "[2025-11-24 01:16:36] Odontarrhena_muralis done."
[1] "[2025-11-24 01:16:36] Reading orthologues table for Raphanus_sativus"
[1] "[2025-11-24 01:16:36] Supplementing orthologues from `Phylogenetic_Hierarchical_Orthogroups/N0.tsv` for Raphanus_sativus"
[1] "[2025-11-24 01:16:37] Supplementing orthologues from `Orthogroups/Orthogroups.tsv` for Raphanus_sativus"
[1] "[2025-11-24 01:16:37] Merging with blast RBH table for Raphanus_sativus"
[1] "[2025-11-24 01:16:37] Merging with simple Blast results for Raphanus_sativus"
[1] "[2025-11-24 01:16:47] choose the best hits for each query (target species) gene"
[1] "[2025-11-24 01:18:18] Final selection of orthologues for Raphanus_sativus"
[1] "[2025-11-24 01:18:18] loop for choosing best orthologue/homologue if there are multiple"
[1] "XP_018435394.1: Missing orthologue among BLAST hits"
[1] "XP_018435876.1: Missing orthologue among BLAST hits"
[1] "XP_018443313.1: Missing orthologue among BLAST hits"
[1] "XP_018443314.1: Missing orthologue among BLAST hits"
[1] "XP_018443605.1: Missing orthologue among BLAST hits"
[1] "XP_018448472.1: Missing orthologue among BLAST hits"
[1] "XP_018448605.1: Missing orthologue among BLAST hits"
[1] "XP_018448641.1: Missing orthologue among BLAST hits"
[1] "XP_018453703.1: Missing orthologue among BLAST hits"
[1] "XP_018454207.1: Missing orthologue among BLAST hits"
[1] "XP_018456273.1: Missing orthologue among BLAST hits"
[1] "XP_018458139.1: Missing orthologue among BLAST hits"
[1] "XP_018458516.1: Missing orthologue among BLAST hits"
[1] "XP_018461260.1: Missing orthologue among BLAST hits"
[1] "XP_018462136.1: Missing orthologue among BLAST hits"
[1] "XP_018462391.1: Missing orthologue among BLAST hits"
[1] "XP_018462648.1: Missing orthologue among BLAST hits"
[1] "XP_018462957.1: Missing orthologue among BLAST hits"
[1] "XP_018463424.1: Missing orthologue among BLAST hits"
[1] "XP_018464317.1: Missing orthologue among BLAST hits"
[1] "XP_018465341.1: Missing orthologue among BLAST hits"
[1] "XP_018470051.1: Missing orthologue among BLAST hits"
[1] "XP_018473874.1: Missing orthologue among BLAST hits"
[1] "XP_018474327.1: Missing orthologue among BLAST hits"
[1] "XP_018477751.1: Missing orthologue among BLAST hits"
[1] "XP_018479089.1: Missing orthologue among BLAST hits"
[1] "XP_018479504.1: Missing orthologue among BLAST hits"
[1] "XP_018479530.1: Missing orthologue among BLAST hits"
[1] "XP_018480126.1: Missing orthologue among BLAST hits"
[1] "XP_018488090.1: Missing orthologue among BLAST hits"
[1] "XP_018488156.1: Missing orthologue among BLAST hits"
[1] "[2025-11-24 01:33:48] Exporting tables for Raphanus_sativus"
[1] "[2025-11-24 01:33:50] Raphanus_sativus done."
: Missing orthologue among BLAST hits"
[1] "XP_018474327.1: Missing orthologue among BLAST hits"
[1] "XP_018477751.1: Missing orthologue among BLAST hits"
[1] "XP_018479089.1: Missing orthologue among BLAST hits"
[1] "XP_018479504.1: Missing orthologue among BLAST hits"
[1] "XP_018479530.1: Missing orthologue among BLAST hits"
[1] "XP_018480126.1: Missing orthologue among BLAST hits"
[1] "XP_018488090.1: Missing orthologue among BLAST hits"
[1] "XP_018488156.1: Missing orthologue among BLAST hits"
[1] "[2025-11-24 01:33:48] Exporting tables for Raphanus_sativus"
[1] "[2025-11-24 01:33:50] Raphanus_sativus done."
