[1] "[2025-11-23 22:06:41] Reading orthologues table for Alyssum_gmelinii"
[1] "[2025-11-23 22:06:42] Supplementing orthologues from `Phylogenetic_Hierarchical_Orthogroups/N0.tsv` for Alyssum_gmelinii"
[1] "[2025-11-23 22:06:42] Supplementing orthologues from `Orthogroups/Orthogroups.tsv` for Alyssum_gmelinii"
[1] "[2025-11-23 22:06:42] Merging with blast RBH table for Alyssum_gmelinii"
[1] "[2025-11-23 22:06:43] Merging with simple Blast results for Alyssum_gmelinii"
[1] "[2025-11-23 22:06:50] choose the best hits for each query (target species) gene"
[1] "[2025-11-23 22:07:49] Final selection of orthologues for Alyssum_gmelinii"
[1] "[2025-11-23 22:07:49] loop for choosing best orthologue/homologue if there are multiple"
[1] "Ag001G040530: Missing orthologue among BLAST hits"
[1] "Ag001G044380: Missing orthologue among BLAST hits"
[1] "Ag001G061510: Missing orthologue among BLAST hits"
[1] "Ag001G075710: Missing orthologue among BLAST hits"
[1] "Ag002G106450: Missing orthologue among BLAST hits"
[1] "Ag002G110480: Missing orthologue among BLAST hits"
[1] "Ag002G135150: Missing orthologue among BLAST hits"
[1] "Ag002G140980: Missing orthologue among BLAST hits"
[1] "Ag002G153530: Missing orthologue among BLAST hits"
[1] "Ag002G153580: Missing orthologue among BLAST hits"
[1] "Ag002G153690: Missing orthologue among BLAST hits"
[1] "Ag002G157290: Missing orthologue among BLAST hits"
[1] "Ag002G157300: Missing orthologue among BLAST hits"
[1] "Ag002G187300: Missing orthologue among BLAST hits"
[1] "Ag002G205060: Missing orthologue among BLAST hits"
[1] "Ag002G205070: Missing orthologue among BLAST hits"
[1] "Ag003G219140: Missing orthologue among BLAST hits"
[1] "Ag003G238120: Missing orthologue among BLAST hits"
[1] "Ag003G240480: Missing orthologue among BLAST hits"
[1] "Ag003G254650: Missing orthologue among BLAST hits"
[1] "Ag004G314920: Missing orthologue among BLAST hits"
[1] "Ag004G343590: Missing orthologue among BLAST hits"
[1] "Ag004G351220: Missing orthologue among BLAST hits"
[1] "Ag004G356110: Missing orthologue among BLAST hits"
[1] "Ag004G365070: Missing orthologue among BLAST hits"
[1] "Ag004G380930: Missing orthologue among BLAST hits"
[1] "Ag004G390840: Missing orthologue among BLAST hits"
[1] "Ag004G399930: Missing orthologue among BLAST hits"
[1] "Ag005G404130: Missing orthologue among BLAST hits"
[1] "Ag005G426820: Missing orthologue among BLAST hits"
[1] "Ag006G499690: Missing orthologue among BLAST hits"
[1] "Ag006G508910: Missing orthologue among BLAST hits"
[1] "Ag007G614800: Missing orthologue among BLAST hits"
[1] "Ag007G618290: Missing orthologue among BLAST hits"
[1] "Ag008G663850: Missing orthologue among BLAST hits"
[1] "Ag008G677680: Missing orthologue among BLAST hits"
[1] "Ag008G699310: Missing orthologue among BLAST hits"
[1] "[2025-11-23 22:15:20] Exporting tables for Alyssum_gmelinii"
[1] "[2025-11-23 22:15:22] Alyssum_gmelinii done."
