[1] "[2025-11-23 22:15:22] Reading orthologues table for Arabidopsis_arenosa"
[1] "[2025-11-23 22:15:22] Supplementing orthologues from `Phylogenetic_Hierarchical_Orthogroups/N0.tsv` for Arabidopsis_arenosa"
[1] "[2025-11-23 22:15:23] Supplementing orthologues from `Orthogroups/Orthogroups.tsv` for Arabidopsis_arenosa"
[1] "[2025-11-23 22:15:23] Merging with blast RBH table for Arabidopsis_arenosa"
[1] "[2025-11-23 22:15:24] Merging with simple Blast results for Arabidopsis_arenosa"
[1] "[2025-11-23 22:15:33] choose the best hits for each query (target species) gene"
[1] "[2025-11-23 22:16:40] Final selection of orthologues for Arabidopsis_arenosa"
[1] "[2025-11-23 22:16:40] loop for choosing best orthologue/homologue if there are multiple"
[1] "jg10505: Missing orthologue among BLAST hits"
[1] "jg11080: Missing orthologue among BLAST hits"
[1] "jg11376: Missing orthologue among BLAST hits"
[1] "jg11603: Missing orthologue among BLAST hits"
[1] "jg11611: Missing orthologue among BLAST hits"
[1] "jg1165: Missing orthologue among BLAST hits"
[1] "jg117: Missing orthologue among BLAST hits"
[1] "jg11703: Missing orthologue among BLAST hits"
[1] "jg11894: Missing orthologue among BLAST hits"
[1] "jg12136: Missing orthologue among BLAST hits"
[1] "jg12161: Missing orthologue among BLAST hits"
[1] "jg12213: Missing orthologue among BLAST hits"
[1] "jg12230: Missing orthologue among BLAST hits"
[1] "jg12492: Missing orthologue among BLAST hits"
[1] "jg13113: Missing orthologue among BLAST hits"
[1] "jg132: Missing orthologue among BLAST hits"
[1] "jg1323: Missing orthologue among BLAST hits"
[1] "jg13498: Missing orthologue among BLAST hits"
[1] "jg13504: Missing orthologue among BLAST hits"
[1] "jg13634: Missing orthologue among BLAST hits"
[1] "jg13799: Missing orthologue among BLAST hits"
[1] "jg13812: Missing orthologue among BLAST hits"
[1] "jg13838: Missing orthologue among BLAST hits"
[1] "jg13854: Missing orthologue among BLAST hits"
[1] "jg13959: Missing orthologue among BLAST hits"
[1] "jg14024: Missing orthologue among BLAST hits"
[1] "jg14085: Missing orthologue among BLAST hits"
[1] "jg14174: Missing orthologue among BLAST hits"
[1] "jg14183: Missing orthologue among BLAST hits"
[1] "jg15625: Missing orthologue among BLAST hits"
[1] "jg15779: Missing orthologue among BLAST hits"
[1] "jg165: Missing orthologue among BLAST hits"
[1] "jg16911: Missing orthologue among BLAST hits"
[1] "jg17182: Missing orthologue among BLAST hits"
[1] "jg17364: Missing orthologue among BLAST hits"
[1] "jg1845: Missing orthologue among BLAST hits"
[1] "jg18867: Missing orthologue among BLAST hits"
[1] "jg19138: Missing orthologue among BLAST hits"
[1] "jg20324: Missing orthologue among BLAST hits"
[1] "jg20789: Missing orthologue among BLAST hits"
[1] "jg21311: Missing orthologue among BLAST hits"
[1] "jg2152: Missing orthologue among BLAST hits"
[1] "jg21611: Missing orthologue among BLAST hits"
[1] "jg21899: Missing orthologue among BLAST hits"
[1] "jg22483: Missing orthologue among BLAST hits"
[1] "jg22829: Missing orthologue among BLAST hits"
[1] "jg2339: Missing orthologue among BLAST hits"
[1] "jg25251: Missing orthologue among BLAST hits"
[1] "jg25347: Missing orthologue among BLAST hits"
[1] "jg25787: Missing orthologue among BLAST hits"
[1] "jg25794: Missing orthologue among BLAST hits"
[1] "jg26953: Missing orthologue among BLAST hits"
[1] "jg27196: Missing orthologue among BLAST hits"
[1] "jg27348: Missing orthologue among BLAST hits"
[1] "jg27468: Missing orthologue among BLAST hits"
[1] "jg27627: Missing orthologue among BLAST hits"
[1] "jg27776: Missing orthologue among BLAST hits"
[1] "jg27846: Missing orthologue among BLAST hits"
[1] "jg27990: Missing orthologue among BLAST hits"
[1] "jg28082: Missing orthologue among BLAST hits"
[1] "jg286: Missing orthologue among BLAST hits"
[1] "jg29866: Missing orthologue among BLAST hits"
[1] "jg29867: Missing orthologue among BLAST hits"
[1] "jg2994: Missing orthologue among BLAST hits"
[1] "jg30212: Missing orthologue among BLAST hits"
[1] "jg3053: Missing orthologue among BLAST hits"
[1] "jg32326: Missing orthologue among BLAST hits"
[1] "jg32583: Missing orthologue among BLAST hits"
[1] "jg32932: Missing orthologue among BLAST hits"
[1] "jg4887: Missing orthologue among BLAST hits"
[1] "jg5560: Missing orthologue among BLAST hits"
[1] "jg6317: Missing orthologue among BLAST hits"
[1] "jg6968: Missing orthologue among BLAST hits"
[1] "jg7299: Missing orthologue among BLAST hits"
[1] "jg7386: Missing orthologue among BLAST hits"
[1] "jg7441: Missing orthologue among BLAST hits"
[1] "jg8025: Missing orthologue among BLAST hits"
[1] "[2025-11-23 22:22:57] Exporting tables for Arabidopsis_arenosa"
[1] "[2025-11-23 22:22:59] Arabidopsis_arenosa done."
