[1] "[2025-11-23 22:22:59] Reading orthologues table for Arabidopsis_lyrata_NCBI"
[1] "[2025-11-23 22:23:00] Supplementing orthologues from `Phylogenetic_Hierarchical_Orthogroups/N0.tsv` for Arabidopsis_lyrata_NCBI"
[1] "[2025-11-23 22:23:00] Supplementing orthologues from `Orthogroups/Orthogroups.tsv` for Arabidopsis_lyrata_NCBI"
[1] "[2025-11-23 22:23:00] Merging with blast RBH table for Arabidopsis_lyrata_NCBI"
[1] "[2025-11-23 22:23:01] Merging with simple Blast results for Arabidopsis_lyrata_NCBI"
[1] "[2025-11-23 22:23:09] choose the best hits for each query (target species) gene"
[1] "[2025-11-23 22:24:12] Final selection of orthologues for Arabidopsis_lyrata_NCBI"
[1] "[2025-11-23 22:24:12] loop for choosing best orthologue/homologue if there are multiple"
[1] "XP_020865718.1: Missing orthologue among BLAST hits"
[1] "XP_020866590.1: Missing orthologue among BLAST hits"
[1] "XP_020871586.1: Missing orthologue among BLAST hits"
[1] "XP_020872379.1: Missing orthologue among BLAST hits"
[1] "XP_020877201.1: Missing orthologue among BLAST hits"
[1] "XP_020879405.1: Missing orthologue among BLAST hits"
[1] "XP_020879410.1: Missing orthologue among BLAST hits"
[1] "XP_020885673.1: Missing orthologue among BLAST hits"
[1] "XP_020889841.1: Missing orthologue among BLAST hits"
[1] "XP_020890797.1: Missing orthologue among BLAST hits"
[1] "[2025-11-23 22:27:50] Exporting tables for Arabidopsis_lyrata_NCBI"
[1] "[2025-11-23 22:27:51] Arabidopsis_lyrata_NCBI done."
