[1] "[2025-11-23 22:33:38] Reading orthologues table for Arabis_alpina"
[1] "[2025-11-23 22:33:39] Supplementing orthologues from `Phylogenetic_Hierarchical_Orthogroups/N0.tsv` for Arabis_alpina"
[1] "[2025-11-23 22:33:39] Supplementing orthologues from `Orthogroups/Orthogroups.tsv` for Arabis_alpina"
[1] "[2025-11-23 22:33:39] Merging with blast RBH table for Arabis_alpina"
[1] "[2025-11-23 22:33:40] Merging with simple Blast results for Arabis_alpina"
[1] "[2025-11-23 22:33:50] choose the best hits for each query (target species) gene"
[1] "[2025-11-23 22:34:55] Final selection of orthologues for Arabis_alpina"
[1] "[2025-11-23 22:34:55] loop for choosing best orthologue/homologue if there are multiple"
[1] "Aa_G103020.h1.t1: Missing orthologue among BLAST hits"
[1] "Aa_G122790.h1.t1: Missing orthologue among BLAST hits"
[1] "Aa_G168740.h1.t1: Missing orthologue among BLAST hits"
[1] "Aa_G187370.h1.t1: Missing orthologue among BLAST hits"
[1] "Aa_G191220.h1.t1: Missing orthologue among BLAST hits"
[1] "Aa_G199330.h1.t1: Missing orthologue among BLAST hits"
[1] "Aa_G213050.h1.t1: Missing orthologue among BLAST hits"
[1] "Aa_G217250.h1.t1: Missing orthologue among BLAST hits"
[1] "Aa_G227280.h1.t1: Missing orthologue among BLAST hits"
[1] "Aa_G229770.h1.t1: Missing orthologue among BLAST hits"
[1] "Aa_G272240.h1.t1: Missing orthologue among BLAST hits"
[1] "Aa_G288600.h1.t1: Missing orthologue among BLAST hits"
[1] "Aa_G302260.h1.t1: Missing orthologue among BLAST hits"
[1] "Aa_G305760.h1.t1: Missing orthologue among BLAST hits"
[1] "Aa_G352910.h1.t1: Missing orthologue among BLAST hits"
[1] "Aa_G369050.h1.t1: Missing orthologue among BLAST hits"
[1] "Aa_G376180.h1.t1: Missing orthologue among BLAST hits"
[1] "Aa_G378160.h1.t1: Missing orthologue among BLAST hits"
[1] "Aa_G485360.h1.t1: Missing orthologue among BLAST hits"
[1] "Aa_G531310.h1.t1: Missing orthologue among BLAST hits"
[1] "Aa_G565560.h1.t1: Missing orthologue among BLAST hits"
[1] "Aa_G637980.h1.t1: Missing orthologue among BLAST hits"
[1] "Aa_G652160.h1.t1: Missing orthologue among BLAST hits"
[1] "Aa_G653490.h1.t1: Missing orthologue among BLAST hits"
[1] "Aa_G685510.h1.t1: Missing orthologue among BLAST hits"
[1] "Aa_G68850.h1.t1: Missing orthologue among BLAST hits"
[1] "Aa_G710230.h1.t1: Missing orthologue among BLAST hits"
[1] "Aa_G861160.h1.t1: Missing orthologue among BLAST hits"
[1] "Aa_G870430.h1.t1: Missing orthologue among BLAST hits"
[1] "Aa_G918570.h1.t1: Missing orthologue among BLAST hits"
[1] "Aa_G95420.h1.t1: Missing orthologue among BLAST hits"
[1] "Aa_G972050.h1.t1: Missing orthologue among BLAST hits"
[1] "Aa_G97590.h1.t1: Missing orthologue among BLAST hits"
[1] "Aa_G988890.h1.t1: Missing orthologue among BLAST hits"
[1] "[2025-11-23 22:39:48] Exporting tables for Arabis_alpina"
[1] "[2025-11-23 22:39:50] Arabis_alpina done."
