[1] "[2025-11-23 23:29:34] Reading orthologues table for Brassica_oleracea"
[1] "[2025-11-23 23:29:34] Supplementing orthologues from `Phylogenetic_Hierarchical_Orthogroups/N0.tsv` for Brassica_oleracea"
[1] "[2025-11-23 23:29:35] Supplementing orthologues from `Orthogroups/Orthogroups.tsv` for Brassica_oleracea"
[1] "[2025-11-23 23:29:35] Merging with blast RBH table for Brassica_oleracea"
[1] "[2025-11-23 23:29:36] Merging with simple Blast results for Brassica_oleracea"
[1] "[2025-11-23 23:29:47] choose the best hits for each query (target species) gene"
[1] "[2025-11-23 23:31:26] Final selection of orthologues for Brassica_oleracea"
[1] "[2025-11-23 23:31:26] loop for choosing best orthologue/homologue if there are multiple"
[1] "XP_013583274.1: Missing orthologue among BLAST hits"
[1] "XP_013583336.1: Missing orthologue among BLAST hits"
[1] "XP_013583429.1: Missing orthologue among BLAST hits"
[1] "XP_013589256.1: Missing orthologue among BLAST hits"
[1] "XP_013589283.1: Missing orthologue among BLAST hits"
[1] "XP_013589398.1: Missing orthologue among BLAST hits"
[1] "XP_013591267.1: Missing orthologue among BLAST hits"
[1] "XP_013594364.1: Missing orthologue among BLAST hits"
[1] "XP_013594703.1: Missing orthologue among BLAST hits"
[1] "XP_013594720.1: Missing orthologue among BLAST hits"
[1] "XP_013601140.1: Missing orthologue among BLAST hits"
[1] "XP_013601519.1: Missing orthologue among BLAST hits"
[1] "XP_013608037.1: Missing orthologue among BLAST hits"
[1] "XP_013608259.1: Missing orthologue among BLAST hits"
[1] "XP_013608346.1: Missing orthologue among BLAST hits"
[1] "XP_013614821.1: Missing orthologue among BLAST hits"
[1] "XP_013614958.1: Missing orthologue among BLAST hits"
[1] "XP_013615169.1: Missing orthologue among BLAST hits"
[1] "XP_013615203.1: Missing orthologue among BLAST hits"
[1] "XP_013615262.1: Missing orthologue among BLAST hits"
[1] "XP_013615269.1: Missing orthologue among BLAST hits"
[1] "XP_013615822.1: Missing orthologue among BLAST hits"
[1] "XP_013616941.1: Missing orthologue among BLAST hits"
[1] "XP_013617068.1: Missing orthologue among BLAST hits"
[1] "XP_013617143.1: Missing orthologue among BLAST hits"
[1] "XP_013617230.1: Missing orthologue among BLAST hits"
[1] "XP_013617795.1: Missing orthologue among BLAST hits"
[1] "XP_013620028.1: Missing orthologue among BLAST hits"
[1] "XP_013623499.1: Missing orthologue among BLAST hits"
[1] "XP_013624321.1: Missing orthologue among BLAST hits"
[1] "XP_013624697.1: Missing orthologue among BLAST hits"
[1] "XP_013624738.1: Missing orthologue among BLAST hits"
[1] "XP_013624887.1: Missing orthologue among BLAST hits"
[1] "XP_013625078.1: Missing orthologue among BLAST hits"
[1] "XP_013627385.1: Missing orthologue among BLAST hits"
[1] "XP_013628011.1: Missing orthologue among BLAST hits"
[1] "XP_013629106.1: Missing orthologue among BLAST hits"
[1] "XP_013632594.1: Missing orthologue among BLAST hits"
[1] "XP_013633351.1: Missing orthologue among BLAST hits"
[1] "XP_013635126.1: Missing orthologue among BLAST hits"
[1] "XP_013639093.1: Missing orthologue among BLAST hits"
[1] "XP_013639169.1: Missing orthologue among BLAST hits"
[1] "XP_013639639.1: Missing orthologue among BLAST hits"
[1] "XP_013639737.1: Missing orthologue among BLAST hits"
[1] "XP_013639786.1: Missing orthologue among BLAST hits"
[1] "YP_004927466.1: Missing orthologue among BLAST hits"
[1] "[2025-11-23 23:40:10] Exporting tables for Brassica_oleracea"
[1] "[2025-11-23 23:40:12] Brassica_oleracea done."
