[1] "[2025-11-08 00:10:12] Reading orthologues table for Brassica_rapa"
[1] "1000 out of 19833 lines done"
[1] "2000 out of 19833 lines done"
[1] "3000 out of 19833 lines done"
[1] "4000 out of 19833 lines done"
[1] "5000 out of 19833 lines done"
[1] "6000 out of 19833 lines done"
[1] "7000 out of 19833 lines done"
[1] "8000 out of 19833 lines done"
[1] "9000 out of 19833 lines done"
[1] "10000 out of 19833 lines done"
[1] "11000 out of 19833 lines done"
[1] "12000 out of 19833 lines done"
[1] "13000 out of 19833 lines done"
[1] "14000 out of 19833 lines done"
[1] "15000 out of 19833 lines done"
[1] "16000 out of 19833 lines done"
[1] "17000 out of 19833 lines done"
[1] "18000 out of 19833 lines done"
[1] "19000 out of 19833 lines done"
[1] "[2025-11-08 00:11:21] Supplementing orthologues from `Phylogenetic_Hierarchical_Orthogroups/N0.tsv` for Brassica_rapa"
[1] "1000 out of 19506 lines done"
[1] "2000 out of 19506 lines done"
[1] "3000 out of 19506 lines done"
[1] "4000 out of 19506 lines done"
[1] "5000 out of 19506 lines done"
[1] "6000 out of 19506 lines done"
[1] "7000 out of 19506 lines done"
[1] "8000 out of 19506 lines done"
[1] "9000 out of 19506 lines done"
[1] "10000 out of 19506 lines done"
[1] "11000 out of 19506 lines done"
[1] "12000 out of 19506 lines done"
[1] "13000 out of 19506 lines done"
[1] "14000 out of 19506 lines done"
[1] "15000 out of 19506 lines done"
[1] "16000 out of 19506 lines done"
[1] "17000 out of 19506 lines done"
[1] "18000 out of 19506 lines done"
[1] "19000 out of 19506 lines done"
[1] "[2025-11-08 00:13:02] Supplementing orthologues from `Orthogroups/Orthogroups.tsv` for Brassica_rapa"
[1] "1000 out of 18321 lines done"
[1] "2000 out of 18321 lines done"
[1] "3000 out of 18321 lines done"
[1] "4000 out of 18321 lines done"
[1] "5000 out of 18321 lines done"
[1] "6000 out of 18321 lines done"
[1] "7000 out of 18321 lines done"
[1] "8000 out of 18321 lines done"
[1] "9000 out of 18321 lines done"
[1] "10000 out of 18321 lines done"
[1] "11000 out of 18321 lines done"
[1] "12000 out of 18321 lines done"
[1] "13000 out of 18321 lines done"
[1] "14000 out of 18321 lines done"
[1] "15000 out of 18321 lines done"
[1] "16000 out of 18321 lines done"
[1] "17000 out of 18321 lines done"
[1] "18000 out of 18321 lines done"
[1] "[2025-11-08 00:14:54] Merging with blast RBH table for Brassica_rapa"
[1] "1000 out of 16843 lines done"
[1] "2000 out of 16843 lines done"
[1] "3000 out of 16843 lines done"
[1] "4000 out of 16843 lines done"
[1] "5000 out of 16843 lines done"
[1] "6000 out of 16843 lines done"
[1] "7000 out of 16843 lines done"
[1] "8000 out of 16843 lines done"
[1] "9000 out of 16843 lines done"
[1] "10000 out of 16843 lines done"
[1] "11000 out of 16843 lines done"
[1] "12000 out of 16843 lines done"
[1] "13000 out of 16843 lines done"
[1] "14000 out of 16843 lines done"
[1] "15000 out of 16843 lines done"
[1] "16000 out of 16843 lines done"
[1] "[2025-11-08 00:15:45] Merging with simple Blast results for Brassica_rapa"
[1] "[2025-11-08 00:16:10] loop to choose the best hits for each query (target species) gene"
[1] "Processed 10000 rows out of 3527861"
[1] "Processed 20000 rows out of 3527861"
[1] "Processed 30000 rows out of 3527861"
[1] "Processed 40000 rows out of 3527861"
[1] "Processed 50000 rows out of 3527861"
[1] "Processed 60000 rows out of 3527861"
[1] "Processed 70000 rows out of 3527861"
[1] "Processed 80000 rows out of 3527861"
[1] "Processed 90000 rows out of 3527861"
[1] "Processed 1e+05 rows out of 3527861"
[1] "Processed 110000 rows out of 3527861"
[1] "Processed 120000 rows out of 3527861"
[1] "Processed 130000 rows out of 3527861"
[1] "Processed 140000 rows out of 3527861"
[1] "Processed 150000 rows out of 3527861"
[1] "Processed 160000 rows out of 3527861"
[1] "Processed 170000 rows out of 3527861"
[1] "Processed 180000 rows out of 3527861"
[1] "Processed 190000 rows out of 3527861"
[1] "Processed 2e+05 rows out of 3527861"
[1] "Processed 210000 rows out of 3527861"
[1] "Processed 220000 rows out of 3527861"
[1] "Processed 230000 rows out of 3527861"
[1] "Processed 240000 rows out of 3527861"
[1] "Processed 250000 rows out of 3527861"
[1] "Processed 260000 rows out of 3527861"
[1] "Processed 270000 rows out of 3527861"
[1] "Processed 280000 rows out of 3527861"
[1] "Processed 290000 rows out of 3527861"
[1] "Processed 3e+05 rows out of 3527861"
[1] "Processed 310000 rows out of 3527861"
[1] "Processed 320000 rows out of 3527861"
[1] "Processed 330000 rows out of 3527861"
[1] "Processed 340000 rows out of 3527861"
[1] "Processed 350000 rows out of 3527861"
[1] "Processed 360000 rows out of 3527861"
[1] "Processed 370000 rows out of 3527861"
[1] "Processed 380000 rows out of 3527861"
[1] "Processed 390000 rows out of 3527861"
[1] "Processed 4e+05 rows out of 3527861"
[1] "Processed 410000 rows out of 3527861"
[1] "Processed 420000 rows out of 3527861"
[1] "Processed 430000 rows out of 3527861"
[1] "Processed 440000 rows out of 3527861"
[1] "Processed 450000 rows out of 3527861"
[1] "Processed 460000 rows out of 3527861"
[1] "Processed 470000 rows out of 3527861"
[1] "Processed 480000 rows out of 3527861"
[1] "Processed 490000 rows out of 3527861"
[1] "Processed 5e+05 rows out of 3527861"
[1] "Processed 510000 rows out of 3527861"
[1] "Processed 520000 rows out of 3527861"
[1] "Processed 530000 rows out of 3527861"
[1] "Processed 540000 rows out of 3527861"
[1] "Processed 550000 rows out of 3527861"
[1] "Processed 560000 rows out of 3527861"
[1] "Processed 570000 rows out of 3527861"
[1] "Processed 580000 rows out of 3527861"
[1] "Processed 590000 rows out of 3527861"
[1] "Processed 6e+05 rows out of 3527861"
[1] "Processed 610000 rows out of 3527861"
[1] "Processed 620000 rows out of 3527861"
[1] "Processed 630000 rows out of 3527861"
[1] "Processed 640000 rows out of 3527861"
[1] "Processed 650000 rows out of 3527861"
[1] "Processed 660000 rows out of 3527861"
[1] "Processed 670000 rows out of 3527861"
[1] "Processed 680000 rows out of 3527861"
[1] "Processed 690000 rows out of 3527861"
[1] "Processed 7e+05 rows out of 3527861"
[1] "Processed 710000 rows out of 3527861"
[1] "Processed 720000 rows out of 3527861"
[1] "Processed 730000 rows out of 3527861"
[1] "Processed 740000 rows out of 3527861"
[1] "Processed 750000 rows out of 3527861"
[1] "Processed 760000 rows out of 3527861"
[1] "Processed 770000 rows out of 3527861"
[1] "Processed 780000 rows out of 3527861"
[1] "Processed 790000 rows out of 3527861"
[1] "Processed 8e+05 rows out of 3527861"
[1] "Processed 810000 rows out of 3527861"
[1] "Processed 820000 rows out of 3527861"
[1] "Processed 830000 rows out of 3527861"
[1] "Processed 840000 rows out of 3527861"
[1] "Processed 850000 rows out of 3527861"
[1] "Processed 860000 rows out of 3527861"
[1] "Processed 870000 rows out of 3527861"
[1] "Processed 880000 rows out of 3527861"
[1] "Processed 890000 rows out of 3527861"
[1] "Processed 9e+05 rows out of 3527861"
[1] "Processed 910000 rows out of 3527861"
[1] "Processed 920000 rows out of 3527861"
[1] "Processed 930000 rows out of 3527861"
[1] "Processed 940000 rows out of 3527861"
[1] "Processed 950000 rows out of 3527861"
[1] "Processed 960000 rows out of 3527861"
[1] "Processed 970000 rows out of 3527861"
[1] "Processed 980000 rows out of 3527861"
[1] "Processed 990000 rows out of 3527861"
[1] "Processed 1e+06 rows out of 3527861"
[1] "Processed 1010000 rows out of 3527861"
[1] "Processed 1020000 rows out of 3527861"
[1] "Processed 1030000 rows out of 3527861"
[1] "Processed 1040000 rows out of 3527861"
[1] "Processed 1050000 rows out of 3527861"
[1] "Processed 1060000 rows out of 3527861"
[1] "Processed 1070000 rows out of 3527861"
[1] "Processed 1080000 rows out of 3527861"
[1] "Processed 1090000 rows out of 3527861"
[1] "Processed 1100000 rows out of 3527861"
[1] "Processed 1110000 rows out of 3527861"
[1] "Processed 1120000 rows out of 3527861"
[1] "Processed 1130000 rows out of 3527861"
[1] "Processed 1140000 rows out of 3527861"
[1] "Processed 1150000 rows out of 3527861"
[1] "Processed 1160000 rows out of 3527861"
[1] "Processed 1170000 rows out of 3527861"
[1] "Processed 1180000 rows out of 3527861"
[1] "Processed 1190000 rows out of 3527861"
[1] "Processed 1200000 rows out of 3527861"
[1] "Processed 1210000 rows out of 3527861"
[1] "Processed 1220000 rows out of 3527861"
[1] "Processed 1230000 rows out of 3527861"
[1] "Processed 1240000 rows out of 3527861"
[1] "Processed 1250000 rows out of 3527861"
[1] "Processed 1260000 rows out of 3527861"
[1] "Processed 1270000 rows out of 3527861"
[1] "Processed 1280000 rows out of 3527861"
[1] "Processed 1290000 rows out of 3527861"
[1] "Processed 1300000 rows out of 3527861"
[1] "Processed 1310000 rows out of 3527861"
[1] "Processed 1320000 rows out of 3527861"
[1] "Processed 1330000 rows out of 3527861"
[1] "Processed 1340000 rows out of 3527861"
[1] "Processed 1350000 rows out of 3527861"
[1] "Processed 1360000 rows out of 3527861"
[1] "Processed 1370000 rows out of 3527861"
[1] "Processed 1380000 rows out of 3527861"
[1] "Processed 1390000 rows out of 3527861"
[1] "Processed 1400000 rows out of 3527861"
[1] "Processed 1410000 rows out of 3527861"
[1] "Processed 1420000 rows out of 3527861"
[1] "Processed 1430000 rows out of 3527861"
[1] "Processed 1440000 rows out of 3527861"
[1] "Processed 1450000 rows out of 3527861"
[1] "Processed 1460000 rows out of 3527861"
[1] "Processed 1470000 rows out of 3527861"
[1] "Processed 1480000 rows out of 3527861"
[1] "Processed 1490000 rows out of 3527861"
[1] "Processed 1500000 rows out of 3527861"
[1] "Processed 1510000 rows out of 3527861"
[1] "Processed 1520000 rows out of 3527861"
[1] "Processed 1530000 rows out of 3527861"
[1] "Processed 1540000 rows out of 3527861"
[1] "Processed 1550000 rows out of 3527861"
[1] "Processed 1560000 rows out of 3527861"
[1] "Processed 1570000 rows out of 3527861"
[1] "Processed 1580000 rows out of 3527861"
[1] "Processed 1590000 rows out of 3527861"
[1] "Processed 1600000 rows out of 3527861"
[1] "Processed 1610000 rows out of 3527861"
[1] "Processed 1620000 rows out of 3527861"
[1] "Processed 1630000 rows out of 3527861"
[1] "Processed 1640000 rows out of 3527861"
[1] "Processed 1650000 rows out of 3527861"
[1] "Processed 1660000 rows out of 3527861"
[1] "Processed 1670000 rows out of 3527861"
[1] "Processed 1680000 rows out of 3527861"
[1] "Processed 1690000 rows out of 3527861"
[1] "Processed 1700000 rows out of 3527861"
[1] "Processed 1710000 rows out of 3527861"
[1] "Processed 1720000 rows out of 3527861"
[1] "Processed 1730000 rows out of 3527861"
[1] "Processed 1740000 rows out of 3527861"
[1] "Processed 1750000 rows out of 3527861"
[1] "Processed 1760000 rows out of 3527861"
[1] "Processed 1770000 rows out of 3527861"
[1] "Processed 1780000 rows out of 3527861"
[1] "Processed 1790000 rows out of 3527861"
[1] "Processed 1800000 rows out of 3527861"
[1] "Processed 1810000 rows out of 3527861"
[1] "Processed 1820000 rows out of 3527861"
[1] "Processed 1830000 rows out of 3527861"
[1] "Processed 1840000 rows out of 3527861"
[1] "Processed 1850000 rows out of 3527861"
[1] "Processed 1860000 rows out of 3527861"
[1] "Processed 1870000 rows out of 3527861"
[1] "Processed 1880000 rows out of 3527861"
[1] "Processed 1890000 rows out of 3527861"
[1] "Processed 1900000 rows out of 3527861"
[1] "Processed 1910000 rows out of 3527861"
[1] "Processed 1920000 rows out of 3527861"
[1] "Processed 1930000 rows out of 3527861"
[1] "Processed 1940000 rows out of 3527861"
[1] "Processed 1950000 rows out of 3527861"
[1] "Processed 1960000 rows out of 3527861"
[1] "Processed 1970000 rows out of 3527861"
[1] "Processed 1980000 rows out of 3527861"
[1] "Processed 1990000 rows out of 3527861"
[1] "Processed 2e+06 rows out of 3527861"
[1] "Processed 2010000 rows out of 3527861"
[1] "Processed 2020000 rows out of 3527861"
[1] "Processed 2030000 rows out of 3527861"
[1] "Processed 2040000 rows out of 3527861"
[1] "Processed 2050000 rows out of 3527861"
[1] "Processed 2060000 rows out of 3527861"
[1] "Processed 2070000 rows out of 3527861"
[1] "Processed 2080000 rows out of 3527861"
[1] "Processed 2090000 rows out of 3527861"
[1] "Processed 2100000 rows out of 3527861"
[1] "Processed 2110000 rows out of 3527861"
[1] "Processed 2120000 rows out of 3527861"
[1] "Processed 2130000 rows out of 3527861"
[1] "Processed 2140000 rows out of 3527861"
[1] "Processed 2150000 rows out of 3527861"
[1] "Processed 2160000 rows out of 3527861"
[1] "Processed 2170000 rows out of 3527861"
[1] "Processed 2180000 rows out of 3527861"
[1] "Processed 2190000 rows out of 3527861"
[1] "Processed 2200000 rows out of 3527861"
[1] "Processed 2210000 rows out of 3527861"
[1] "Processed 2220000 rows out of 3527861"
[1] "Processed 2230000 rows out of 3527861"
[1] "Processed 2240000 rows out of 3527861"
[1] "Processed 2250000 rows out of 3527861"
[1] "Processed 2260000 rows out of 3527861"
[1] "Processed 2270000 rows out of 3527861"
[1] "Processed 2280000 rows out of 3527861"
[1] "Processed 2290000 rows out of 3527861"
[1] "Processed 2300000 rows out of 3527861"
[1] "Processed 2310000 rows out of 3527861"
[1] "Processed 2320000 rows out of 3527861"
[1] "Processed 2330000 rows out of 3527861"
[1] "Processed 2340000 rows out of 3527861"
[1] "Processed 2350000 rows out of 3527861"
[1] "Processed 2360000 rows out of 3527861"
[1] "Processed 2370000 rows out of 3527861"
[1] "Processed 2380000 rows out of 3527861"
[1] "Processed 2390000 rows out of 3527861"
[1] "Processed 2400000 rows out of 3527861"
[1] "Processed 2410000 rows out of 3527861"
[1] "Processed 2420000 rows out of 3527861"
[1] "Processed 2430000 rows out of 3527861"
[1] "Processed 2440000 rows out of 3527861"
[1] "Processed 2450000 rows out of 3527861"
[1] "Processed 2460000 rows out of 3527861"
[1] "Processed 2470000 rows out of 3527861"
[1] "Processed 2480000 rows out of 3527861"
[1] "Processed 2490000 rows out of 3527861"
[1] "Processed 2500000 rows out of 3527861"
[1] "Processed 2510000 rows out of 3527861"
[1] "Processed 2520000 rows out of 3527861"
[1] "Processed 2530000 rows out of 3527861"
[1] "Processed 2540000 rows out of 3527861"
[1] "Processed 2550000 rows out of 3527861"
[1] "Processed 2560000 rows out of 3527861"
[1] "Processed 2570000 rows out of 3527861"
[1] "Processed 2580000 rows out of 3527861"
[1] "Processed 2590000 rows out of 3527861"
[1] "Processed 2600000 rows out of 3527861"
[1] "Processed 2610000 rows out of 3527861"
[1] "Processed 2620000 rows out of 3527861"
[1] "Processed 2630000 rows out of 3527861"
[1] "Processed 2640000 rows out of 3527861"
[1] "Processed 2650000 rows out of 3527861"
[1] "Processed 2660000 rows out of 3527861"
[1] "Processed 2670000 rows out of 3527861"
[1] "Processed 2680000 rows out of 3527861"
[1] "Processed 2690000 rows out of 3527861"
[1] "Processed 2700000 rows out of 3527861"
[1] "Processed 2710000 rows out of 3527861"
[1] "Processed 2720000 rows out of 3527861"
[1] "Processed 2730000 rows out of 3527861"
[1] "Processed 2740000 rows out of 3527861"
[1] "Processed 2750000 rows out of 3527861"
[1] "Processed 2760000 rows out of 3527861"
[1] "Processed 2770000 rows out of 3527861"
[1] "Processed 2780000 rows out of 3527861"
[1] "Processed 2790000 rows out of 3527861"
[1] "Processed 2800000 rows out of 3527861"
[1] "Processed 2810000 rows out of 3527861"
[1] "Processed 2820000 rows out of 3527861"
[1] "Processed 2830000 rows out of 3527861"
[1] "Processed 2840000 rows out of 3527861"
[1] "Processed 2850000 rows out of 3527861"
[1] "Processed 2860000 rows out of 3527861"
[1] "Processed 2870000 rows out of 3527861"
[1] "Processed 2880000 rows out of 3527861"
[1] "Processed 2890000 rows out of 3527861"
[1] "Processed 2900000 rows out of 3527861"
[1] "Processed 2910000 rows out of 3527861"
[1] "Processed 2920000 rows out of 3527861"
[1] "Processed 2930000 rows out of 3527861"
[1] "Processed 2940000 rows out of 3527861"
[1] "Processed 2950000 rows out of 3527861"
[1] "Processed 2960000 rows out of 3527861"
[1] "Processed 2970000 rows out of 3527861"
[1] "Processed 2980000 rows out of 3527861"
[1] "Processed 2990000 rows out of 3527861"
[1] "Processed 3e+06 rows out of 3527861"
[1] "Processed 3010000 rows out of 3527861"
[1] "Processed 3020000 rows out of 3527861"
[1] "Processed 3030000 rows out of 3527861"
[1] "Processed 3040000 rows out of 3527861"
[1] "Processed 3050000 rows out of 3527861"
[1] "Processed 3060000 rows out of 3527861"
[1] "Processed 3070000 rows out of 3527861"
[1] "Processed 3080000 rows out of 3527861"
[1] "Processed 3090000 rows out of 3527861"
[1] "Processed 3100000 rows out of 3527861"
[1] "Processed 3110000 rows out of 3527861"
[1] "Processed 3120000 rows out of 3527861"
[1] "Processed 3130000 rows out of 3527861"
[1] "Processed 3140000 rows out of 3527861"
[1] "Processed 3150000 rows out of 3527861"
[1] "Processed 3160000 rows out of 3527861"
[1] "Processed 3170000 rows out of 3527861"
[1] "Processed 3180000 rows out of 3527861"
[1] "Processed 3190000 rows out of 3527861"
[1] "Processed 3200000 rows out of 3527861"
[1] "Processed 3210000 rows out of 3527861"
[1] "Processed 3220000 rows out of 3527861"
[1] "Processed 3230000 rows out of 3527861"
[1] "Processed 3240000 rows out of 3527861"
[1] "Processed 3250000 rows out of 3527861"
[1] "Processed 3260000 rows out of 3527861"
[1] "Processed 3270000 rows out of 3527861"
[1] "Processed 3280000 rows out of 3527861"
[1] "Processed 3290000 rows out of 3527861"
[1] "Processed 3300000 rows out of 3527861"
[1] "Processed 3310000 rows out of 3527861"
[1] "Processed 3320000 rows out of 3527861"
[1] "Processed 3330000 rows out of 3527861"
[1] "Processed 3340000 rows out of 3527861"
[1] "Processed 3350000 rows out of 3527861"
[1] "Processed 3360000 rows out of 3527861"
[1] "Processed 3370000 rows out of 3527861"
[1] "Processed 3380000 rows out of 3527861"
[1] "Processed 3390000 rows out of 3527861"
[1] "Processed 3400000 rows out of 3527861"
[1] "Processed 3410000 rows out of 3527861"
[1] "Processed 3420000 rows out of 3527861"
[1] "Processed 3430000 rows out of 3527861"
[1] "Processed 3440000 rows out of 3527861"
[1] "Processed 3450000 rows out of 3527861"
[1] "Processed 3460000 rows out of 3527861"
[1] "Processed 3470000 rows out of 3527861"
[1] "Processed 3480000 rows out of 3527861"
[1] "Processed 3490000 rows out of 3527861"
[1] "Processed 3500000 rows out of 3527861"
[1] "Processed 3510000 rows out of 3527861"
[1] "Processed 3520000 rows out of 3527861"
[1] "[2025-11-08 00:25:00] loop to merge rows for query genes with multiple best hits"
[1] "Processed 5000 rows out of 41432"
[1] "Processed 10000 rows out of 41432"
[1] "Processed 15000 rows out of 41432"
[1] "Processed 20000 rows out of 41432"
[1] "Processed 25000 rows out of 41432"
[1] "Processed 30000 rows out of 41432"
[1] "Processed 35000 rows out of 41432"
[1] "Processed 40000 rows out of 41432"
[1] "[2025-11-08 00:34:21] Final selection of orthologues for Brassica_rapa"
[1] "[2025-11-08 00:34:21] loop for choosing best orthologue/homologue if there are multiple"
[1] "XP_009119509.1: Missing orthologue among BLAST hits"
[1] "XP_009150818.1: Missing orthologue among BLAST hits"
[1] "XP_018510870.2: Missing orthologue among BLAST hits"
[1] "XP_018513405.1: Missing orthologue among BLAST hits"
[1] "XP_033131973.1: Missing orthologue among BLAST hits"
[1] "XP_033143250.1: Missing orthologue among BLAST hits"
[1] "XP_033143620.1: Missing orthologue among BLAST hits"
[1] "XP_033143621.1: Missing orthologue among BLAST hits"
[1] "XP_033145226.1: Missing orthologue among BLAST hits"
[1] "XP_033145569.1: Missing orthologue among BLAST hits"
[1] "XP_033145921.1: Missing orthologue among BLAST hits"
[1] "[2025-11-08 00:47:05] Exporting tables for Brassica_rapa"
[1] "[2025-11-08 00:47:07] Brassica_rapa done."
