[1] "[2025-11-23 22:39:50] Reading orthologues table for Brassica_napus"
[1] "[2025-11-23 22:39:50] Supplementing orthologues from `Phylogenetic_Hierarchical_Orthogroups/N0.tsv` for Brassica_napus"
[1] "[2025-11-23 22:39:51] Supplementing orthologues from `Orthogroups/Orthogroups.tsv` for Brassica_napus"
[1] "[2025-11-23 22:39:51] Merging with blast RBH table for Brassica_napus"
[1] "[2025-11-23 22:39:52] Merging with simple Blast results for Brassica_napus"
[1] "[2025-11-23 22:40:07] choose the best hits for each query (target species) gene"
[1] "[2025-11-23 22:43:18] Final selection of orthologues for Brassica_napus"
[1] "[2025-11-23 22:43:18] loop for choosing best orthologue/homologue if there are multiple"
[1] "XP_013658178.1: Missing orthologue among BLAST hits"
[1] "XP_013665035.2: Missing orthologue among BLAST hits"
[1] "XP_013700526.1: Missing orthologue among BLAST hits"
[1] "XP_013704250.1: Missing orthologue among BLAST hits"
[1] "XP_013705001.2: Missing orthologue among BLAST hits"
[1] "XP_013709535.2: Missing orthologue among BLAST hits"
[1] "XP_013709795.2: Missing orthologue among BLAST hits"
[1] "XP_013713504.1: Missing orthologue among BLAST hits"
[1] "XP_013713803.1: Missing orthologue among BLAST hits"
[1] "XP_013718672.1: Missing orthologue among BLAST hits"
[1] "XP_013722991.2: Missing orthologue among BLAST hits"
[1] "XP_013726652.1: Missing orthologue among BLAST hits"
[1] "XP_013727244.2: Missing orthologue among BLAST hits"
[1] "XP_013727601.1: Missing orthologue among BLAST hits"
[1] "XP_013728940.1: Missing orthologue among BLAST hits"
[1] "XP_013729777.3: Missing orthologue among BLAST hits"
[1] "XP_013732053.2: Missing orthologue among BLAST hits"
[1] "XP_013751877.2: Missing orthologue among BLAST hits"
[1] "XP_022547453.2: Missing orthologue among BLAST hits"
[1] "XP_022549798.1: Missing orthologue among BLAST hits"
[1] "XP_022555275.1: Missing orthologue among BLAST hits"
[1] "XP_022557495.1: Missing orthologue among BLAST hits"
[1] "XP_022565168.1: Missing orthologue among BLAST hits"
[1] "XP_022566666.1: Missing orthologue among BLAST hits"
[1] "XP_022569213.1: Missing orthologue among BLAST hits"
[1] "XP_048590797.1: Missing orthologue among BLAST hits"
[1] "XP_048590890.1: Missing orthologue among BLAST hits"
[1] "XP_048592969.1: Missing orthologue among BLAST hits"
[1] "XP_048593340.1: Missing orthologue among BLAST hits"
[1] "XP_048596271.1: Missing orthologue among BLAST hits"
[1] "XP_048598983.1: Missing orthologue among BLAST hits"
[1] "XP_048599653.1: Missing orthologue among BLAST hits"
[1] "XP_048599654.1: Missing orthologue among BLAST hits"
[1] "XP_048599804.1: Missing orthologue among BLAST hits"
[1] "XP_048600009.1: Missing orthologue among BLAST hits"
[1] "XP_048600575.1: Missing orthologue among BLAST hits"
[1] "XP_048601578.1: Missing orthologue among BLAST hits"
[1] "XP_048602098.1: Missing orthologue among BLAST hits"
[1] "XP_048604911.1: Missing orthologue among BLAST hits"
[1] "XP_048605145.1: Missing orthologue among BLAST hits"
[1] "XP_048605193.1: Missing orthologue among BLAST hits"
[1] "XP_048605305.1: Missing orthologue among BLAST hits"
[1] "XP_048605317.1: Missing orthologue among BLAST hits"
[1] "XP_048605364.1: Missing orthologue among BLAST hits"
[1] "XP_048605927.1: Missing orthologue among BLAST hits"
[1] "XP_048610847.1: Missing orthologue among BLAST hits"
[1] "XP_048611997.1: Missing orthologue among BLAST hits"
[1] "XP_048612002.1: Missing orthologue among BLAST hits"
[1] "XP_048612005.1: Missing orthologue among BLAST hits"
[1] "XP_048613316.1: Missing orthologue among BLAST hits"
[1] "XP_048613386.1: Missing orthologue among BLAST hits"
[1] "XP_048613429.1: Missing orthologue among BLAST hits"
[1] "XP_048614654.1: Missing orthologue among BLAST hits"
[1] "XP_048615501.1: Missing orthologue among BLAST hits"
[1] "XP_048615675.1: Missing orthologue among BLAST hits"
[1] "XP_048615710.1: Missing orthologue among BLAST hits"
[1] "XP_048615863.1: Missing orthologue among BLAST hits"
[1] "XP_048617006.1: Missing orthologue among BLAST hits"
[1] "XP_048617068.1: Missing orthologue among BLAST hits"
[1] "XP_048620286.1: Missing orthologue among BLAST hits"
[1] "XP_048620920.1: Missing orthologue among BLAST hits"
[1] "XP_048622652.1: Missing orthologue among BLAST hits"
[1] "XP_048622867.1: Missing orthologue among BLAST hits"
[1] "XP_048623614.1: Missing orthologue among BLAST hits"
[1] "XP_048626984.1: Missing orthologue among BLAST hits"
[1] "XP_048626986.1: Missing orthologue among BLAST hits"
[1] "XP_048627521.1: Missing orthologue among BLAST hits"
[1] "XP_048627733.1: Missing orthologue among BLAST hits"
[1] "XP_048627958.1: Missing orthologue among BLAST hits"
[1] "XP_048628043.1: Missing orthologue among BLAST hits"
[1] "XP_048628233.1: Missing orthologue among BLAST hits"
[1] "XP_048628475.1: Missing orthologue among BLAST hits"
[1] "XP_048630259.1: Missing orthologue among BLAST hits"
[1] "XP_048633930.1: Missing orthologue among BLAST hits"
[1] "XP_048634180.1: Missing orthologue among BLAST hits"
[1] "YP_717121.1: Missing orthologue among BLAST hits"
[1] "YP_717152.1: Missing orthologue among BLAST hits"
[1] "[2025-11-23 23:29:15] Exporting tables for Brassica_napus"
[1] "[2025-11-23 23:29:34] Brassica_napus done."
