[1] "[2025-11-23 23:50:34] Reading orthologues table for Camelina_sativa"
[1] "[2025-11-23 23:50:35] Supplementing orthologues from `Phylogenetic_Hierarchical_Orthogroups/N0.tsv` for Camelina_sativa"
[1] "[2025-11-23 23:50:35] Supplementing orthologues from `Orthogroups/Orthogroups.tsv` for Camelina_sativa"
[1] "[2025-11-23 23:50:36] Merging with blast RBH table for Camelina_sativa"
[1] "[2025-11-23 23:50:36] Merging with simple Blast results for Camelina_sativa"
[1] "[2025-11-23 23:50:52] choose the best hits for each query (target species) gene"
[1] "[2025-11-23 23:53:34] Final selection of orthologues for Camelina_sativa"
[1] "[2025-11-23 23:53:34] loop for choosing best orthologue/homologue if there are multiple"
[1] "XP_010412393.1: Missing orthologue among BLAST hits"
[1] "XP_010412410.1: Missing orthologue among BLAST hits"
[1] "XP_010412489.1: Missing orthologue among BLAST hits"
[1] "XP_010418325.2: Missing orthologue among BLAST hits"
[1] "XP_010418577.1: Missing orthologue among BLAST hits"
[1] "XP_010419054.1: Missing orthologue among BLAST hits"
[1] "XP_010419092.1: Missing orthologue among BLAST hits"
[1] "XP_010422038.1: Missing orthologue among BLAST hits"
[1] "XP_010424593.1: Missing orthologue among BLAST hits"
[1] "XP_010425975.1: Missing orthologue among BLAST hits"
[1] "XP_010427127.1: Missing orthologue among BLAST hits"
[1] "XP_010431586.1: Missing orthologue among BLAST hits"
[1] "XP_010442841.1: Missing orthologue among BLAST hits"
[1] "XP_010443008.1: Missing orthologue among BLAST hits"
[1] "XP_010445013.1: Missing orthologue among BLAST hits"
[1] "XP_010445484.1: Missing orthologue among BLAST hits"
[1] "XP_010445560.1: Missing orthologue among BLAST hits"
[1] "XP_010445721.1: Missing orthologue among BLAST hits"
[1] "XP_010451507.1: Missing orthologue among BLAST hits"
[1] "XP_010451521.1: Missing orthologue among BLAST hits"
[1] "XP_010451669.1: Missing orthologue among BLAST hits"
[1] "XP_010451903.1: Missing orthologue among BLAST hits"
[1] "XP_010455315.2: Missing orthologue among BLAST hits"
[1] "XP_010456831.1: Missing orthologue among BLAST hits"
[1] "XP_010468439.1: Missing orthologue among BLAST hits"
[1] "XP_010468580.1: Missing orthologue among BLAST hits"
[1] "XP_010468775.1: Missing orthologue among BLAST hits"
[1] "XP_010471472.1: Missing orthologue among BLAST hits"
[1] "XP_010474618.1: Missing orthologue among BLAST hits"
[1] "XP_010480868.1: Missing orthologue among BLAST hits"
[1] "XP_010480905.1: Missing orthologue among BLAST hits"
[1] "XP_010481206.1: Missing orthologue among BLAST hits"
[1] "XP_010484733.1: Missing orthologue among BLAST hits"
[1] "XP_010485185.1: Missing orthologue among BLAST hits"
[1] "XP_010490042.1: Missing orthologue among BLAST hits"
[1] "XP_010490116.1: Missing orthologue among BLAST hits"
[1] "XP_010490195.1: Missing orthologue among BLAST hits"
[1] "XP_010490225.1: Missing orthologue among BLAST hits"
[1] "XP_010490230.2: Missing orthologue among BLAST hits"
[1] "XP_010490455.1: Missing orthologue among BLAST hits"
[1] "XP_010495527.1: Missing orthologue among BLAST hits"
[1] "XP_010495654.1: Missing orthologue among BLAST hits"
[1] "XP_010495923.1: Missing orthologue among BLAST hits"
[1] "XP_010496928.1: Missing orthologue among BLAST hits"
[1] "XP_010497028.1: Missing orthologue among BLAST hits"
[1] "XP_010497042.1: Missing orthologue among BLAST hits"
[1] "XP_010497088.1: Missing orthologue among BLAST hits"
[1] "XP_010501572.1: Missing orthologue among BLAST hits"
[1] "XP_010501871.1: Missing orthologue among BLAST hits"
[1] "XP_010501997.1: Missing orthologue among BLAST hits"
[1] "XP_010503790.1: Missing orthologue among BLAST hits"
[1] "XP_010506895.1: Missing orthologue among BLAST hits"
[1] "XP_010507009.1: Missing orthologue among BLAST hits"
[1] "XP_010507045.1: Missing orthologue among BLAST hits"
[1] "XP_010507052.1: Missing orthologue among BLAST hits"
[1] "XP_010513293.1: Missing orthologue among BLAST hits"
[1] "XP_019082529.1: Missing orthologue among BLAST hits"
[1] "XP_019084024.1: Missing orthologue among BLAST hits"
[1] "XP_019084355.1: Missing orthologue among BLAST hits"
[1] "XP_019084371.1: Missing orthologue among BLAST hits"
[1] "XP_019085410.1: Missing orthologue among BLAST hits"
[1] "XP_019085419.1: Missing orthologue among BLAST hits"
[1] "XP_019085491.1: Missing orthologue among BLAST hits"
[1] "XP_019086085.1: Missing orthologue among BLAST hits"
[1] "XP_019087289.1: Missing orthologue among BLAST hits"
[1] "XP_019088638.1: Missing orthologue among BLAST hits"
[1] "XP_019088641.1: Missing orthologue among BLAST hits"
[1] "XP_019090727.1: Missing orthologue among BLAST hits"
[1] "XP_019093233.1: Missing orthologue among BLAST hits"
[1] "XP_019094760.1: Missing orthologue among BLAST hits"
[1] "XP_019095563.1: Missing orthologue among BLAST hits"
[1] "XP_019096291.1: Missing orthologue among BLAST hits"
[1] "XP_019096470.1: Missing orthologue among BLAST hits"
[1] "XP_019096503.1: Missing orthologue among BLAST hits"
[1] "XP_019096526.1: Missing orthologue among BLAST hits"
[1] "XP_019097289.1: Missing orthologue among BLAST hits"
[1] "XP_019097485.1: Missing orthologue among BLAST hits"
[1] "XP_019098379.1: Missing orthologue among BLAST hits"
[1] "XP_019100691.1: Missing orthologue among BLAST hits"
[1] "XP_019100906.1: Missing orthologue among BLAST hits"
[1] "XP_019100927.1: Missing orthologue among BLAST hits"
[1] "[2025-11-24 00:24:23] Exporting tables for Camelina_sativa"
[1] "[2025-11-24 00:24:26] Camelina_sativa done."
