[1] "[2025-11-24 00:31:52] Reading orthologues table for Cardamine_glauca"
[1] "[2025-11-24 00:31:53] Supplementing orthologues from `Phylogenetic_Hierarchical_Orthogroups/N0.tsv` for Cardamine_glauca"
[1] "[2025-11-24 00:31:54] Supplementing orthologues from `Orthogroups/Orthogroups.tsv` for Cardamine_glauca"
[1] "[2025-11-24 00:31:54] Merging with blast RBH table for Cardamine_glauca"
[1] "[2025-11-24 00:31:54] Merging with simple Blast results for Cardamine_glauca"
[1] "[2025-11-24 00:32:01] choose the best hits for each query (target species) gene"
[1] "[2025-11-24 00:32:47] Final selection of orthologues for Cardamine_glauca"
[1] "[2025-11-24 00:32:47] loop for choosing best orthologue/homologue if there are multiple"
[1] "Cg001G022230: Missing orthologue among BLAST hits"
[1] "Cg002G057540: Missing orthologue among BLAST hits"
[1] "Cg002G059980: Missing orthologue among BLAST hits"
[1] "Cg002G074750: Missing orthologue among BLAST hits"
[1] "Cg003G080250: Missing orthologue among BLAST hits"
[1] "Cg003G084910: Missing orthologue among BLAST hits"
[1] "Cg003G087270: Missing orthologue among BLAST hits"
[1] "Cg003G090340: Missing orthologue among BLAST hits"
[1] "Cg003G103950: Missing orthologue among BLAST hits"
[1] "Cg004G145200: Missing orthologue among BLAST hits"
[1] "Cg005G180320: Missing orthologue among BLAST hits"
[1] "Cg005G186560: Missing orthologue among BLAST hits"
[1] "Cg005G188150: Missing orthologue among BLAST hits"
[1] "Cg005G189270: Missing orthologue among BLAST hits"
[1] "Cg006G206200: Missing orthologue among BLAST hits"
[1] "Cg006G213190: Missing orthologue among BLAST hits"
[1] "Cg006G215630: Missing orthologue among BLAST hits"
[1] "[2025-11-24 00:35:19] Exporting tables for Cardamine_glauca"
[1] "[2025-11-24 00:35:20] Cardamine_glauca done."
