[1] "[2025-11-24 00:28:41] Reading orthologues table for Cardamine_amara"
[1] "[2025-11-24 00:28:42] Supplementing orthologues from `Phylogenetic_Hierarchical_Orthogroups/N0.tsv` for Cardamine_amara"
[1] "[2025-11-24 00:28:43] Supplementing orthologues from `Orthogroups/Orthogroups.tsv` for Cardamine_amara"
[1] "[2025-11-24 00:28:43] Merging with blast RBH table for Cardamine_amara"
[1] "[2025-11-24 00:28:44] Merging with simple Blast results for Cardamine_amara"
[1] "[2025-11-24 00:28:50] choose the best hits for each query (target species) gene"
[1] "[2025-11-24 00:29:36] Final selection of orthologues for Cardamine_amara"
[1] "[2025-11-24 00:29:36] loop for choosing best orthologue/homologue if there are multiple"
[1] "evm.model.RL_1.1904: Missing orthologue among BLAST hits"
[1] "evm.model.RL_1.3117: Missing orthologue among BLAST hits"
[1] "evm.model.RL_2.286: Missing orthologue among BLAST hits"
[1] "evm.model.RL_2.842: Missing orthologue among BLAST hits"
[1] "evm.model.RL_3.586: Missing orthologue among BLAST hits"
[1] "evm.model.RL_4.405: Missing orthologue among BLAST hits"
[1] "evm.model.RL_6.1178: Missing orthologue among BLAST hits"
[1] "evm.model.RL_6.779: Missing orthologue among BLAST hits"
[1] "evm.model.RL_6.781: Missing orthologue among BLAST hits"
[1] "evm.model.RL_8.1556: Missing orthologue among BLAST hits"
[1] "[2025-11-24 00:31:45] Exporting tables for Cardamine_amara"
[1] "[2025-11-24 00:31:52] Cardamine_amara done."
