[1] "[2025-11-24 00:41:41] Reading orthologues table for Cochlearia_excelsa"
[1] "[2025-11-24 00:41:41] Supplementing orthologues from `Phylogenetic_Hierarchical_Orthogroups/N0.tsv` for Cochlearia_excelsa"
[1] "[2025-11-24 00:41:42] Supplementing orthologues from `Orthogroups/Orthogroups.tsv` for Cochlearia_excelsa"
[1] "[2025-11-24 00:41:42] Merging with blast RBH table for Cochlearia_excelsa"
[1] "[2025-11-24 00:41:42] Merging with simple Blast results for Cochlearia_excelsa"
[1] "[2025-11-24 00:41:49] choose the best hits for each query (target species) gene"
[1] "[2025-11-24 00:43:08] Final selection of orthologues for Cochlearia_excelsa"
[1] "[2025-11-24 00:43:08] loop for choosing best orthologue/homologue if there are multiple"
[1] "g11293: Missing orthologue among BLAST hits"
[1] "g11497: Missing orthologue among BLAST hits"
[1] "g11716: Missing orthologue among BLAST hits"
[1] "g11774: Missing orthologue among BLAST hits"
[1] "g14225: Missing orthologue among BLAST hits"
[1] "g14390: Missing orthologue among BLAST hits"
[1] "g14417: Missing orthologue among BLAST hits"
[1] "g14468: Missing orthologue among BLAST hits"
[1] "g1467: Missing orthologue among BLAST hits"
[1] "g1472: Missing orthologue among BLAST hits"
[1] "g14949: Missing orthologue among BLAST hits"
[1] "g15781: Missing orthologue among BLAST hits"
[1] "g15993: Missing orthologue among BLAST hits"
[1] "g1630: Missing orthologue among BLAST hits"
[1] "g16614: Missing orthologue among BLAST hits"
[1] "g1666: Missing orthologue among BLAST hits"
[1] "g18412: Missing orthologue among BLAST hits"
[1] "g18418: Missing orthologue among BLAST hits"
[1] "g18445: Missing orthologue among BLAST hits"
[1] "g20234: Missing orthologue among BLAST hits"
[1] "g20244: Missing orthologue among BLAST hits"
[1] "g22663: Missing orthologue among BLAST hits"
[1] "g23101: Missing orthologue among BLAST hits"
[1] "g24107: Missing orthologue among BLAST hits"
[1] "g24881: Missing orthologue among BLAST hits"
[1] "g24937: Missing orthologue among BLAST hits"
[1] "g25134: Missing orthologue among BLAST hits"
[1] "g25872: Missing orthologue among BLAST hits"
[1] "g26718: Missing orthologue among BLAST hits"
[1] "g26735: Missing orthologue among BLAST hits"
[1] "g26783: Missing orthologue among BLAST hits"
[1] "g27507: Missing orthologue among BLAST hits"
[1] "g27531: Missing orthologue among BLAST hits"
[1] "g28182: Missing orthologue among BLAST hits"
[1] "g28224: Missing orthologue among BLAST hits"
[1] "g2982: Missing orthologue among BLAST hits"
[1] "g30017: Missing orthologue among BLAST hits"
[1] "g30027: Missing orthologue among BLAST hits"
[1] "g30303: Missing orthologue among BLAST hits"
[1] "g32639: Missing orthologue among BLAST hits"
[1] "g33150: Missing orthologue among BLAST hits"
[1] "g33267: Missing orthologue among BLAST hits"
[1] "g33339: Missing orthologue among BLAST hits"
[1] "g34726: Missing orthologue among BLAST hits"
[1] "g34784: Missing orthologue among BLAST hits"
[1] "g3550: Missing orthologue among BLAST hits"
[1] "g35681: Missing orthologue among BLAST hits"
[1] "g36794: Missing orthologue among BLAST hits"
[1] "g3713: Missing orthologue among BLAST hits"
[1] "g37948: Missing orthologue among BLAST hits"
[1] "g38320: Missing orthologue among BLAST hits"
[1] "g40050: Missing orthologue among BLAST hits"
[1] "g40876: Missing orthologue among BLAST hits"
[1] "g41357: Missing orthologue among BLAST hits"
[1] "g41636: Missing orthologue among BLAST hits"
[1] "g42736: Missing orthologue among BLAST hits"
[1] "g42924: Missing orthologue among BLAST hits"
[1] "g4309: Missing orthologue among BLAST hits"
[1] "g43359: Missing orthologue among BLAST hits"
[1] "g43360: Missing orthologue among BLAST hits"
[1] "g43677: Missing orthologue among BLAST hits"
[1] "g43706: Missing orthologue among BLAST hits"
[1] "g4396: Missing orthologue among BLAST hits"
[1] "g44256: Missing orthologue among BLAST hits"
[1] "g44800: Missing orthologue among BLAST hits"
[1] "g4483: Missing orthologue among BLAST hits"
[1] "g45682: Missing orthologue among BLAST hits"
[1] "g4724: Missing orthologue among BLAST hits"
[1] "g49077: Missing orthologue among BLAST hits"
[1] "g49151: Missing orthologue among BLAST hits"
[1] "g49473: Missing orthologue among BLAST hits"
[1] "g49591: Missing orthologue among BLAST hits"
[1] "g49844: Missing orthologue among BLAST hits"
[1] "g49937: Missing orthologue among BLAST hits"
[1] "g52610: Missing orthologue among BLAST hits"
[1] "g52670: Missing orthologue among BLAST hits"
[1] "g52922: Missing orthologue among BLAST hits"
[1] "g53018: Missing orthologue among BLAST hits"
[1] "g6351: Missing orthologue among BLAST hits"
[1] "g8800: Missing orthologue among BLAST hits"
[1] "[2025-11-24 00:47:37] Exporting tables for Cochlearia_excelsa"
[1] "[2025-11-24 00:47:39] Cochlearia_excelsa done."
