[1] "[2025-11-08 04:13:23] Reading orthologues table for Conringia_planisiliqua"
[1] "1000 out of 18363 lines done"
[1] "2000 out of 18363 lines done"
[1] "3000 out of 18363 lines done"
[1] "4000 out of 18363 lines done"
[1] "5000 out of 18363 lines done"
[1] "6000 out of 18363 lines done"
[1] "7000 out of 18363 lines done"
[1] "8000 out of 18363 lines done"
[1] "9000 out of 18363 lines done"
[1] "10000 out of 18363 lines done"
[1] "11000 out of 18363 lines done"
[1] "12000 out of 18363 lines done"
[1] "13000 out of 18363 lines done"
[1] "14000 out of 18363 lines done"
[1] "15000 out of 18363 lines done"
[1] "16000 out of 18363 lines done"
[1] "17000 out of 18363 lines done"
[1] "18000 out of 18363 lines done"
[1] "[2025-11-08 04:13:47] Supplementing orthologues from `Phylogenetic_Hierarchical_Orthogroups/N0.tsv` for Conringia_planisiliqua"
[1] "1000 out of 18269 lines done"
[1] "2000 out of 18269 lines done"
[1] "3000 out of 18269 lines done"
[1] "4000 out of 18269 lines done"
[1] "5000 out of 18269 lines done"
[1] "6000 out of 18269 lines done"
[1] "7000 out of 18269 lines done"
[1] "8000 out of 18269 lines done"
[1] "9000 out of 18269 lines done"
[1] "10000 out of 18269 lines done"
[1] "11000 out of 18269 lines done"
[1] "12000 out of 18269 lines done"
[1] "13000 out of 18269 lines done"
[1] "14000 out of 18269 lines done"
[1] "15000 out of 18269 lines done"
[1] "16000 out of 18269 lines done"
[1] "17000 out of 18269 lines done"
[1] "18000 out of 18269 lines done"
[1] "[2025-11-08 04:14:29] Supplementing orthologues from `Orthogroups/Orthogroups.tsv` for Conringia_planisiliqua"
[1] "1000 out of 17200 lines done"
[1] "2000 out of 17200 lines done"
[1] "3000 out of 17200 lines done"
[1] "4000 out of 17200 lines done"
[1] "5000 out of 17200 lines done"
[1] "6000 out of 17200 lines done"
[1] "7000 out of 17200 lines done"
[1] "8000 out of 17200 lines done"
[1] "9000 out of 17200 lines done"
[1] "10000 out of 17200 lines done"
[1] "11000 out of 17200 lines done"
[1] "12000 out of 17200 lines done"
[1] "13000 out of 17200 lines done"
[1] "14000 out of 17200 lines done"
[1] "15000 out of 17200 lines done"
[1] "16000 out of 17200 lines done"
[1] "17000 out of 17200 lines done"
[1] "[2025-11-08 04:15:33] Merging with blast RBH table for Conringia_planisiliqua"
[1] "1000 out of 16534 lines done"
[1] "2000 out of 16534 lines done"
[1] "3000 out of 16534 lines done"
[1] "4000 out of 16534 lines done"
[1] "5000 out of 16534 lines done"
[1] "6000 out of 16534 lines done"
[1] "7000 out of 16534 lines done"
[1] "8000 out of 16534 lines done"
[1] "9000 out of 16534 lines done"
[1] "10000 out of 16534 lines done"
[1] "11000 out of 16534 lines done"
[1] "12000 out of 16534 lines done"
[1] "13000 out of 16534 lines done"
[1] "14000 out of 16534 lines done"
[1] "15000 out of 16534 lines done"
[1] "16000 out of 16534 lines done"
[1] "[2025-11-08 04:16:20] Merging with simple Blast results for Conringia_planisiliqua"
[1] "[2025-11-08 04:16:35] loop to choose the best hits for each query (target species) gene"
[1] "Processed 10000 rows out of 1880380"
[1] "Processed 20000 rows out of 1880380"
[1] "Processed 30000 rows out of 1880380"
[1] "Processed 40000 rows out of 1880380"
[1] "Processed 50000 rows out of 1880380"
[1] "Processed 60000 rows out of 1880380"
[1] "Processed 70000 rows out of 1880380"
[1] "Processed 80000 rows out of 1880380"
[1] "Processed 90000 rows out of 1880380"
[1] "Processed 1e+05 rows out of 1880380"
[1] "Processed 110000 rows out of 1880380"
[1] "Processed 120000 rows out of 1880380"
[1] "Processed 130000 rows out of 1880380"
[1] "Processed 140000 rows out of 1880380"
[1] "Processed 150000 rows out of 1880380"
[1] "Processed 160000 rows out of 1880380"
[1] "Processed 170000 rows out of 1880380"
[1] "Processed 180000 rows out of 1880380"
[1] "Processed 190000 rows out of 1880380"
[1] "Processed 2e+05 rows out of 1880380"
[1] "Processed 210000 rows out of 1880380"
[1] "Processed 220000 rows out of 1880380"
[1] "Processed 230000 rows out of 1880380"
[1] "Processed 240000 rows out of 1880380"
[1] "Processed 250000 rows out of 1880380"
[1] "Processed 260000 rows out of 1880380"
[1] "Processed 270000 rows out of 1880380"
[1] "Processed 280000 rows out of 1880380"
[1] "Processed 290000 rows out of 1880380"
[1] "Processed 3e+05 rows out of 1880380"
[1] "Processed 310000 rows out of 1880380"
[1] "Processed 320000 rows out of 1880380"
[1] "Processed 330000 rows out of 1880380"
[1] "Processed 340000 rows out of 1880380"
[1] "Processed 350000 rows out of 1880380"
[1] "Processed 360000 rows out of 1880380"
[1] "Processed 370000 rows out of 1880380"
[1] "Processed 380000 rows out of 1880380"
[1] "Processed 390000 rows out of 1880380"
[1] "Processed 4e+05 rows out of 1880380"
[1] "Processed 410000 rows out of 1880380"
[1] "Processed 420000 rows out of 1880380"
[1] "Processed 430000 rows out of 1880380"
[1] "Processed 440000 rows out of 1880380"
[1] "Processed 450000 rows out of 1880380"
[1] "Processed 460000 rows out of 1880380"
[1] "Processed 470000 rows out of 1880380"
[1] "Processed 480000 rows out of 1880380"
[1] "Processed 490000 rows out of 1880380"
[1] "Processed 5e+05 rows out of 1880380"
[1] "Processed 510000 rows out of 1880380"
[1] "Processed 520000 rows out of 1880380"
[1] "Processed 530000 rows out of 1880380"
[1] "Processed 540000 rows out of 1880380"
[1] "Processed 550000 rows out of 1880380"
[1] "Processed 560000 rows out of 1880380"
[1] "Processed 570000 rows out of 1880380"
[1] "Processed 580000 rows out of 1880380"
[1] "Processed 590000 rows out of 1880380"
[1] "Processed 6e+05 rows out of 1880380"
[1] "Processed 610000 rows out of 1880380"
[1] "Processed 620000 rows out of 1880380"
[1] "Processed 630000 rows out of 1880380"
[1] "Processed 640000 rows out of 1880380"
[1] "Processed 650000 rows out of 1880380"
[1] "Processed 660000 rows out of 1880380"
[1] "Processed 670000 rows out of 1880380"
[1] "Processed 680000 rows out of 1880380"
[1] "Processed 690000 rows out of 1880380"
[1] "Processed 7e+05 rows out of 1880380"
[1] "Processed 710000 rows out of 1880380"
[1] "Processed 720000 rows out of 1880380"
[1] "Processed 730000 rows out of 1880380"
[1] "Processed 740000 rows out of 1880380"
[1] "Processed 750000 rows out of 1880380"
[1] "Processed 760000 rows out of 1880380"
[1] "Processed 770000 rows out of 1880380"
[1] "Processed 780000 rows out of 1880380"
[1] "Processed 790000 rows out of 1880380"
[1] "Processed 8e+05 rows out of 1880380"
[1] "Processed 810000 rows out of 1880380"
[1] "Processed 820000 rows out of 1880380"
[1] "Processed 830000 rows out of 1880380"
[1] "Processed 840000 rows out of 1880380"
[1] "Processed 850000 rows out of 1880380"
[1] "Processed 860000 rows out of 1880380"
[1] "Processed 870000 rows out of 1880380"
[1] "Processed 880000 rows out of 1880380"
[1] "Processed 890000 rows out of 1880380"
[1] "Processed 9e+05 rows out of 1880380"
[1] "Processed 910000 rows out of 1880380"
[1] "Processed 920000 rows out of 1880380"
[1] "Processed 930000 rows out of 1880380"
[1] "Processed 940000 rows out of 1880380"
[1] "Processed 950000 rows out of 1880380"
[1] "Processed 960000 rows out of 1880380"
[1] "Processed 970000 rows out of 1880380"
[1] "Processed 980000 rows out of 1880380"
[1] "Processed 990000 rows out of 1880380"
[1] "Processed 1e+06 rows out of 1880380"
[1] "Processed 1010000 rows out of 1880380"
[1] "Processed 1020000 rows out of 1880380"
[1] "Processed 1030000 rows out of 1880380"
[1] "Processed 1040000 rows out of 1880380"
[1] "Processed 1050000 rows out of 1880380"
[1] "Processed 1060000 rows out of 1880380"
[1] "Processed 1070000 rows out of 1880380"
[1] "Processed 1080000 rows out of 1880380"
[1] "Processed 1090000 rows out of 1880380"
[1] "Processed 1100000 rows out of 1880380"
[1] "Processed 1110000 rows out of 1880380"
[1] "Processed 1120000 rows out of 1880380"
[1] "Processed 1130000 rows out of 1880380"
[1] "Processed 1140000 rows out of 1880380"
[1] "Processed 1150000 rows out of 1880380"
[1] "Processed 1160000 rows out of 1880380"
[1] "Processed 1170000 rows out of 1880380"
[1] "Processed 1180000 rows out of 1880380"
[1] "Processed 1190000 rows out of 1880380"
[1] "Processed 1200000 rows out of 1880380"
[1] "Processed 1210000 rows out of 1880380"
[1] "Processed 1220000 rows out of 1880380"
[1] "Processed 1230000 rows out of 1880380"
[1] "Processed 1240000 rows out of 1880380"
[1] "Processed 1250000 rows out of 1880380"
[1] "Processed 1260000 rows out of 1880380"
[1] "Processed 1270000 rows out of 1880380"
[1] "Processed 1280000 rows out of 1880380"
[1] "Processed 1290000 rows out of 1880380"
[1] "Processed 1300000 rows out of 1880380"
[1] "Processed 1310000 rows out of 1880380"
[1] "Processed 1320000 rows out of 1880380"
[1] "Processed 1330000 rows out of 1880380"
[1] "Processed 1340000 rows out of 1880380"
[1] "Processed 1350000 rows out of 1880380"
[1] "Processed 1360000 rows out of 1880380"
[1] "Processed 1370000 rows out of 1880380"
[1] "Processed 1380000 rows out of 1880380"
[1] "Processed 1390000 rows out of 1880380"
[1] "Processed 1400000 rows out of 1880380"
[1] "Processed 1410000 rows out of 1880380"
[1] "Processed 1420000 rows out of 1880380"
[1] "Processed 1430000 rows out of 1880380"
[1] "Processed 1440000 rows out of 1880380"
[1] "Processed 1450000 rows out of 1880380"
[1] "Processed 1460000 rows out of 1880380"
[1] "Processed 1470000 rows out of 1880380"
[1] "Processed 1480000 rows out of 1880380"
[1] "Processed 1490000 rows out of 1880380"
[1] "Processed 1500000 rows out of 1880380"
[1] "Processed 1510000 rows out of 1880380"
[1] "Processed 1520000 rows out of 1880380"
[1] "Processed 1530000 rows out of 1880380"
[1] "Processed 1540000 rows out of 1880380"
[1] "Processed 1550000 rows out of 1880380"
[1] "Processed 1560000 rows out of 1880380"
[1] "Processed 1570000 rows out of 1880380"
[1] "Processed 1580000 rows out of 1880380"
[1] "Processed 1590000 rows out of 1880380"
[1] "Processed 1600000 rows out of 1880380"
[1] "Processed 1610000 rows out of 1880380"
[1] "Processed 1620000 rows out of 1880380"
[1] "Processed 1630000 rows out of 1880380"
[1] "Processed 1640000 rows out of 1880380"
[1] "Processed 1650000 rows out of 1880380"
[1] "Processed 1660000 rows out of 1880380"
[1] "Processed 1670000 rows out of 1880380"
[1] "Processed 1680000 rows out of 1880380"
[1] "Processed 1690000 rows out of 1880380"
[1] "Processed 1700000 rows out of 1880380"
[1] "Processed 1710000 rows out of 1880380"
[1] "Processed 1720000 rows out of 1880380"
[1] "Processed 1730000 rows out of 1880380"
[1] "Processed 1740000 rows out of 1880380"
[1] "Processed 1750000 rows out of 1880380"
[1] "Processed 1760000 rows out of 1880380"
[1] "Processed 1770000 rows out of 1880380"
[1] "Processed 1780000 rows out of 1880380"
[1] "Processed 1790000 rows out of 1880380"
[1] "Processed 1800000 rows out of 1880380"
[1] "Processed 1810000 rows out of 1880380"
[1] "Processed 1820000 rows out of 1880380"
[1] "Processed 1830000 rows out of 1880380"
[1] "Processed 1840000 rows out of 1880380"
[1] "Processed 1850000 rows out of 1880380"
[1] "Processed 1860000 rows out of 1880380"
[1] "Processed 1870000 rows out of 1880380"
[1] "Processed 1880000 rows out of 1880380"
[1] "[2025-11-08 04:20:33] loop to merge rows for query genes with multiple best hits"
[1] "Processed 5000 rows out of 27201"
[1] "Processed 10000 rows out of 27201"
[1] "Processed 15000 rows out of 27201"
[1] "Processed 20000 rows out of 27201"
[1] "Processed 25000 rows out of 27201"
[1] "[2025-11-08 04:25:02] Final selection of orthologues for Conringia_planisiliqua"
[1] "[2025-11-08 04:25:02] loop for choosing best orthologue/homologue if there are multiple"
[1] "CP1_g38149_DN2_SP0_c.t1: Missing orthologue among BLAST hits"
[1] "CP1_g38521_DN1_SP0_c.t1: Missing orthologue among BLAST hits"
[1] "CP1_g38969_DN1_SP0_c.t1: Missing orthologue among BLAST hits"
[1] "CP1_g39707_DN1_SP0_c.t1: Missing orthologue among BLAST hits"
[1] "CP1_g39884_DN1_SP0_c.t1: Missing orthologue among BLAST hits"
[1] "CP1_g39948_DN1_SP0_c.t1: Missing orthologue among BLAST hits"
[1] "CP1_g40795_DN2_SP0_c.t1: Missing orthologue among BLAST hits"
[1] "CP10_g43899_DN1_SP0_c.t1: Missing orthologue among BLAST hits"
[1] "CP12_g30528_DN1_SP0_c.t1: Missing orthologue among BLAST hits"
[1] "CP12_g31534_DN1_SP0_c.t1: Missing orthologue among BLAST hits"
[1] "CP14_g23480_DN3_SP0_c.t1: Missing orthologue among BLAST hits"
[1] "CP15_g34532_DN1_SP0_c.t1: Missing orthologue among BLAST hits"
[1] "CP15_g35524_DN2_SP0_c.t1: Missing orthologue among BLAST hits"
[1] "CP15_g36136_DN2_SP0_c.t1: Missing orthologue among BLAST hits"
[1] "CP17_g5014_DN2_SP0_c.t1: Missing orthologue among BLAST hits"
[1] "CP17_g5930_DN1_SP0_c.t1: Missing orthologue among BLAST hits"
[1] "CP173_g41468_DN1_SP0_c.t1: Missing orthologue among BLAST hits"
[1] "CP18_g12172_DN1_SP0_c.t1: Missing orthologue among BLAST hits"
[1] "CP18_g12477_DN3_SP0_c.t1: Missing orthologue among BLAST hits"
[1] "CP2_g49698_DN1_SP0_c.t1: Missing orthologue among BLAST hits"
[1] "CP2_g50163_DN2_SP0_c.t1: Missing orthologue among BLAST hits"
[1] "CP22_g17192_DN1_SP0_c.t1: Missing orthologue among BLAST hits"
[1] "CP22_g17668_DN1_SP0_c.t1: Missing orthologue among BLAST hits"
[1] "CP22_g17669_DN1_SP0_c.t1: Missing orthologue among BLAST hits"
[1] "CP27_g41816_DN1_SP0_c.t1: Missing orthologue among BLAST hits"
[1] "CP3_g14116_DN1_SP0_c.t1: Missing orthologue among BLAST hits"
[1] "CP3_g15162_DN1_SP0_c.t1: Missing orthologue among BLAST hits"
[1] "CP3_g15599_DN1_SP0_c.t1: Missing orthologue among BLAST hits"
[1] "CP3_g15821_DN1_SP0_c.t1: Missing orthologue among BLAST hits"
[1] "CP3_g16601_DN1_SP0_c.t1: Missing orthologue among BLAST hits"
[1] "CP30_g10197_DN3_SP0_c.t1: Missing orthologue among BLAST hits"
[1] "CP4_g26231_DN1_SP0_c.t1: Missing orthologue among BLAST hits"
[1] "CP4_g26314_DN1_SP0_c.t1: Missing orthologue among BLAST hits"
[1] "CP4_g26835_DN2_SP0_c.t1: Missing orthologue among BLAST hits"
[1] "CP4_g26940_DN2_SP0_c.t1: Missing orthologue among BLAST hits"
[1] "CP410_g51854_DN2_SP0_c.t1: Missing orthologue among BLAST hits"
[1] "CP5_g1517_DN2_SP0_c.t1: Missing orthologue among BLAST hits"
[1] "CP5_g2151_DN1_SP0_c.t1: Missing orthologue among BLAST hits"
[1] "CP5_g2304_DN1_SP0_c.t1: Missing orthologue among BLAST hits"
[1] "CP5_g2451_DN1_SP0_c.t1: Missing orthologue among BLAST hits"
[1] "CP5_g3250_DN3_SP0_c.t1: Missing orthologue among BLAST hits"
[1] "CP5_g3310_DN3_SP0_c.t1: Missing orthologue among BLAST hits"
[1] "CP6_g7568_DN3_SP0_c.t1: Missing orthologue among BLAST hits"
[1] "CP6_g7966_DN2_SP0_c.t1: Missing orthologue among BLAST hits"
[1] "CP6_g9755_DN1_SP0_c.t1: Missing orthologue among BLAST hits"
[1] "CP7_g44194_DN1_SP0_c.t1: Missing orthologue among BLAST hits"
[1] "CP7_g44473_DN2_SP0_c.t1: Missing orthologue among BLAST hits"
[1] "CP8_g52209_DN3_SP0_c.t1: Missing orthologue among BLAST hits"
[1] "CP8_g52647_DN1_SP0_c.t1: Missing orthologue among BLAST hits"
[1] "CP8_g52677_DN2_SP0_c.t1: Missing orthologue among BLAST hits"
[1] "CP8_g52930_DN2_SP0_c.t1: Missing orthologue among BLAST hits"
[1] "CP9_g27577_DN3_SP0_c.t1: Missing orthologue among BLAST hits"
[1] "CP9_g27694_DN1_SP0_c.t1: Missing orthologue among BLAST hits"
[1] "CP9_g27817_DN2_SP0_c.t1: Missing orthologue among BLAST hits"
[1] "CP9_g27889_DN1_SP0_c.t1: Missing orthologue among BLAST hits"
[1] "CP9_g27891_DN2_SP0_c.t1: Missing orthologue among BLAST hits"
[1] "CP9_g27968_DN2_SP0_c.t1: Missing orthologue among BLAST hits"
[1] "CP9_g27996_DN3_SP0_c.t1: Missing orthologue among BLAST hits"
[1] "CP9_g28140_DN3_SP0_c.t1: Missing orthologue among BLAST hits"
[1] "[2025-11-08 04:28:08] Exporting tables for Conringia_planisiliqua"
[1] "[2025-11-08 04:28:09] Conringia_planisiliqua done."
