[1] "[2025-11-24 00:51:07] Reading orthologues table for Erysimum_linariifolium"
[1] "[2025-11-24 00:51:07] Supplementing orthologues from `Phylogenetic_Hierarchical_Orthogroups/N0.tsv` for Erysimum_linariifolium"
[1] "[2025-11-24 00:51:08] Supplementing orthologues from `Orthogroups/Orthogroups.tsv` for Erysimum_linariifolium"
[1] "[2025-11-24 00:51:08] Merging with blast RBH table for Erysimum_linariifolium"
[1] "[2025-11-24 00:51:08] Merging with simple Blast results for Erysimum_linariifolium"
[1] "[2025-11-24 00:51:16] choose the best hits for each query (target species) gene"
[1] "[2025-11-24 00:52:11] Final selection of orthologues for Erysimum_linariifolium"
[1] "[2025-11-24 00:52:11] loop for choosing best orthologue/homologue if there are multiple"
[1] "El001G008480: Missing orthologue among BLAST hits"
[1] "El001G039020: Missing orthologue among BLAST hits"
[1] "El001G041940: Missing orthologue among BLAST hits"
[1] "El001G043750: Missing orthologue among BLAST hits"
[1] "El001G070000: Missing orthologue among BLAST hits"
[1] "El002G096730: Missing orthologue among BLAST hits"
[1] "El002G106850: Missing orthologue among BLAST hits"
[1] "El002G116850: Missing orthologue among BLAST hits"
[1] "El002G120930: Missing orthologue among BLAST hits"
[1] "El002G122720: Missing orthologue among BLAST hits"
[1] "El002G135590: Missing orthologue among BLAST hits"
[1] "El002G141120: Missing orthologue among BLAST hits"
[1] "El003G182320: Missing orthologue among BLAST hits"
[1] "El003G183090: Missing orthologue among BLAST hits"
[1] "El003G189540: Missing orthologue among BLAST hits"
[1] "El004G202650: Missing orthologue among BLAST hits"
[1] "El004G214890: Missing orthologue among BLAST hits"
[1] "El004G220110: Missing orthologue among BLAST hits"
[1] "El004G225620: Missing orthologue among BLAST hits"
[1] "El005G252390: Missing orthologue among BLAST hits"
[1] "El005G263180: Missing orthologue among BLAST hits"
[1] "El005G268730: Missing orthologue among BLAST hits"
[1] "El006G289540: Missing orthologue among BLAST hits"
[1] "El006G290690: Missing orthologue among BLAST hits"
[1] "El006G308280: Missing orthologue among BLAST hits"
[1] "El006G311790: Missing orthologue among BLAST hits"
[1] "El006G313170: Missing orthologue among BLAST hits"
[1] "El006G319420: Missing orthologue among BLAST hits"
[1] "El007G346920: Missing orthologue among BLAST hits"
[1] "El007G348140: Missing orthologue among BLAST hits"
[1] "El007G348880: Missing orthologue among BLAST hits"
[1] "El007G349440: Missing orthologue among BLAST hits"
[1] "El007G349580: Missing orthologue among BLAST hits"
[1] "El007G349590: Missing orthologue among BLAST hits"
[1] "El007G351610: Missing orthologue among BLAST hits"
[1] "El007G352000: Missing orthologue among BLAST hits"
[1] "El007G355380: Missing orthologue among BLAST hits"
[1] "El007G361100: Missing orthologue among BLAST hits"
[1] "El007G361150: Missing orthologue among BLAST hits"
[1] "El035G374290: Missing orthologue among BLAST hits"
[1] "[2025-11-24 00:56:52] Exporting tables for Erysimum_linariifolium"
[1] "[2025-11-24 00:56:54] Erysimum_linariifolium done."
