[1] "[2025-11-24 01:01:57] Reading orthologues table for Eutrema_salsugineum"
[1] "[2025-11-24 01:01:57] Supplementing orthologues from `Phylogenetic_Hierarchical_Orthogroups/N0.tsv` for Eutrema_salsugineum"
[1] "[2025-11-24 01:01:58] Supplementing orthologues from `Orthogroups/Orthogroups.tsv` for Eutrema_salsugineum"
[1] "[2025-11-24 01:01:58] Merging with blast RBH table for Eutrema_salsugineum"
[1] "[2025-11-24 01:01:59] Merging with simple Blast results for Eutrema_salsugineum"
[1] "[2025-11-24 01:02:06] choose the best hits for each query (target species) gene"
[1] "[2025-11-24 01:02:54] Final selection of orthologues for Eutrema_salsugineum"
[1] "[2025-11-24 01:02:54] loop for choosing best orthologue/homologue if there are multiple"
[1] "XP_006398077.1: Missing orthologue among BLAST hits"
[1] "XP_024004039.1: Missing orthologue among BLAST hits"
[1] "XP_024004072.1: Missing orthologue among BLAST hits"
[1] "XP_024004336.1: Missing orthologue among BLAST hits"
[1] "XP_024004423.1: Missing orthologue among BLAST hits"
[1] "XP_024005444.1: Missing orthologue among BLAST hits"
[1] "XP_024007970.1: Missing orthologue among BLAST hits"
[1] "XP_024009191.1: Missing orthologue among BLAST hits"
[1] "XP_024009259.1: Missing orthologue among BLAST hits"
[1] "XP_024009261.1: Missing orthologue among BLAST hits"
[1] "XP_024009407.1: Missing orthologue among BLAST hits"
[1] "XP_024009427.1: Missing orthologue among BLAST hits"
[1] "XP_024009752.1: Missing orthologue among BLAST hits"
[1] "XP_024010288.1: Missing orthologue among BLAST hits"
[1] "XP_024010290.1: Missing orthologue among BLAST hits"
[1] "XP_024013171.1: Missing orthologue among BLAST hits"
[1] "XP_024013800.1: Missing orthologue among BLAST hits"
[1] "XP_024014283.1: Missing orthologue among BLAST hits"
[1] "XP_024014781.1: Missing orthologue among BLAST hits"
[1] "XP_024014912.1: Missing orthologue among BLAST hits"
[1] "XP_024016213.1: Missing orthologue among BLAST hits"
[1] "XP_024016261.1: Missing orthologue among BLAST hits"
[1] "XP_024016332.1: Missing orthologue among BLAST hits"
[1] "[2025-11-24 01:06:14] Exporting tables for Eutrema_salsugineum"
[1] "[2025-11-24 01:06:15] Eutrema_salsugineum done."
