[1] "[2025-11-24 01:06:15] Reading orthologues table for Noccaea_praecox"
[1] "[2025-11-24 01:06:16] Supplementing orthologues from `Phylogenetic_Hierarchical_Orthogroups/N0.tsv` for Noccaea_praecox"
[1] "[2025-11-24 01:06:16] Supplementing orthologues from `Orthogroups/Orthogroups.tsv` for Noccaea_praecox"
[1] "[2025-11-24 01:06:16] Merging with blast RBH table for Noccaea_praecox"
[1] "[2025-11-24 01:06:17] Merging with simple Blast results for Noccaea_praecox"
[1] "[2025-11-24 01:06:25] choose the best hits for each query (target species) gene"
[1] "[2025-11-24 01:07:19] Final selection of orthologues for Noccaea_praecox"
[1] "[2025-11-24 01:07:19] loop for choosing best orthologue/homologue if there are multiple"
[1] "Np001G012870: Missing orthologue among BLAST hits"
[1] "Np001G012890: Missing orthologue among BLAST hits"
[1] "Np001G021440: Missing orthologue among BLAST hits"
[1] "Np001G029170: Missing orthologue among BLAST hits"
[1] "Np001G039430: Missing orthologue among BLAST hits"
[1] "Np001G059550: Missing orthologue among BLAST hits"
[1] "Np002G078060: Missing orthologue among BLAST hits"
[1] "Np002G088460: Missing orthologue among BLAST hits"
[1] "Np002G090130: Missing orthologue among BLAST hits"
[1] "Np002G093480: Missing orthologue among BLAST hits"
[1] "Np002G098830: Missing orthologue among BLAST hits"
[1] "Np002G101800: Missing orthologue among BLAST hits"
[1] "Np002G102670: Missing orthologue among BLAST hits"
[1] "Np002G103350: Missing orthologue among BLAST hits"
[1] "Np002G106360: Missing orthologue among BLAST hits"
[1] "Np002G110360: Missing orthologue among BLAST hits"
[1] "Np003G138020: Missing orthologue among BLAST hits"
[1] "Np003G144700: Missing orthologue among BLAST hits"
[1] "Np003G145220: Missing orthologue among BLAST hits"
[1] "Np003G158880: Missing orthologue among BLAST hits"
[1] "Np003G170800: Missing orthologue among BLAST hits"
[1] "Np003G170890: Missing orthologue among BLAST hits"
[1] "Np003G174460: Missing orthologue among BLAST hits"
[1] "Np003G175080: Missing orthologue among BLAST hits"
[1] "Np003G187260: Missing orthologue among BLAST hits"
[1] "Np004G199140: Missing orthologue among BLAST hits"
[1] "Np004G214640: Missing orthologue among BLAST hits"
[1] "Np004G215190: Missing orthologue among BLAST hits"
[1] "Np004G216110: Missing orthologue among BLAST hits"
[1] "Np004G216670: Missing orthologue among BLAST hits"
[1] "Np004G225350: Missing orthologue among BLAST hits"
[1] "Np004G232970: Missing orthologue among BLAST hits"
[1] "Np005G270940: Missing orthologue among BLAST hits"
[1] "Np005G282430: Missing orthologue among BLAST hits"
[1] "Np005G291850: Missing orthologue among BLAST hits"
[1] "Np005G307160: Missing orthologue among BLAST hits"
[1] "Np006G343030: Missing orthologue among BLAST hits"
[1] "Np006G344680: Missing orthologue among BLAST hits"
[1] "Np006G352060: Missing orthologue among BLAST hits"
[1] "Np006G355750: Missing orthologue among BLAST hits"
[1] "Np006G356860: Missing orthologue among BLAST hits"
[1] "Np007G377760: Missing orthologue among BLAST hits"
[1] "Np007G396290: Missing orthologue among BLAST hits"
[1] "Np007G401320: Missing orthologue among BLAST hits"
[1] "Np007G402490: Missing orthologue among BLAST hits"
[1] "Np007G412270: Missing orthologue among BLAST hits"
[1] "Np007G423950: Missing orthologue among BLAST hits"
[1] "Np008G427710: Missing orthologue among BLAST hits"
[1] "Np022G439360: Missing orthologue among BLAST hits"
[1] "Np032G440230: Missing orthologue among BLAST hits"
[1] "Np035G440460: Missing orthologue among BLAST hits"
[1] "Np036G440560: Missing orthologue among BLAST hits"
[1] "Np046G441000: Missing orthologue among BLAST hits"
[1] "Np047G441050: Missing orthologue among BLAST hits"
[1] "[2025-11-24 01:11:31] Exporting tables for Noccaea_praecox"
[1] "[2025-11-24 01:11:32] Noccaea_praecox done."
