[1] "[2025-11-24 01:11:32] Reading orthologues table for Odontarrhena_muralis"
[1] "[2025-11-24 01:11:33] Supplementing orthologues from `Phylogenetic_Hierarchical_Orthogroups/N0.tsv` for Odontarrhena_muralis"
[1] "[2025-11-24 01:11:33] Supplementing orthologues from `Orthogroups/Orthogroups.tsv` for Odontarrhena_muralis"
[1] "[2025-11-24 01:11:34] Merging with blast RBH table for Odontarrhena_muralis"
[1] "[2025-11-24 01:11:34] Merging with simple Blast results for Odontarrhena_muralis"
[1] "[2025-11-24 01:11:41] choose the best hits for each query (target species) gene"
[1] "[2025-11-24 01:12:31] Final selection of orthologues for Odontarrhena_muralis"
[1] "[2025-11-24 01:12:31] loop for choosing best orthologue/homologue if there are multiple"
[1] "Om001G015550: Missing orthologue among BLAST hits"
[1] "Om001G019220: Missing orthologue among BLAST hits"
[1] "Om001G020780: Missing orthologue among BLAST hits"
[1] "Om001G030540: Missing orthologue among BLAST hits"
[1] "Om002G057270: Missing orthologue among BLAST hits"
[1] "Om002G057790: Missing orthologue among BLAST hits"
[1] "Om002G076060: Missing orthologue among BLAST hits"
[1] "Om002G077150: Missing orthologue among BLAST hits"
[1] "Om002G081150: Missing orthologue among BLAST hits"
[1] "Om002G081220: Missing orthologue among BLAST hits"
[1] "Om002G089170: Missing orthologue among BLAST hits"
[1] "Om003G100620: Missing orthologue among BLAST hits"
[1] "Om003G104130: Missing orthologue among BLAST hits"
[1] "Om003G106820: Missing orthologue among BLAST hits"
[1] "Om003G110250: Missing orthologue among BLAST hits"
[1] "Om003G112530: Missing orthologue among BLAST hits"
[1] "Om003G121930: Missing orthologue among BLAST hits"
[1] "Om004G141530: Missing orthologue among BLAST hits"
[1] "Om004G146620: Missing orthologue among BLAST hits"
[1] "Om004G151740: Missing orthologue among BLAST hits"
[1] "Om004G151870: Missing orthologue among BLAST hits"
[1] "Om004G152350: Missing orthologue among BLAST hits"
[1] "Om005G204330: Missing orthologue among BLAST hits"
[1] "Om005G217130: Missing orthologue among BLAST hits"
[1] "Om005G226590: Missing orthologue among BLAST hits"
[1] "Om006G244070: Missing orthologue among BLAST hits"
[1] "Om006G257980: Missing orthologue among BLAST hits"
[1] "Om006G266940: Missing orthologue among BLAST hits"
[1] "Om007G291430: Missing orthologue among BLAST hits"
[1] "Om007G307170: Missing orthologue among BLAST hits"
[1] "Om007G307980: Missing orthologue among BLAST hits"
[1] "Om007G308810: Missing orthologue among BLAST hits"
[1] "Om007G309960: Missing orthologue among BLAST hits"
[1] "Om007G313150: Missing orthologue among BLAST hits"
[1] "Om007G313790: Missing orthologue among BLAST hits"
[1] "Om008G319430: Missing orthologue among BLAST hits"
[1] "Om008G331340: Missing orthologue among BLAST hits"
[1] "Om008G339990: Missing orthologue among BLAST hits"
[1] "Om008G344510: Missing orthologue among BLAST hits"
[1] "Om008G346020: Missing orthologue among BLAST hits"
[1] "Om008G347760: Missing orthologue among BLAST hits"
[1] "Om008G348300: Missing orthologue among BLAST hits"
[1] "Om008G358870: Missing orthologue among BLAST hits"
[1] "Om009G364000: Missing orthologue among BLAST hits"
[1] "[2025-11-24 01:16:35] Exporting tables for Odontarrhena_muralis"
[1] "[2025-11-24 01:16:36] Odontarrhena_muralis done."
