[1] "[2025-11-24 01:16:36] Reading orthologues table for Raphanus_sativus"
[1] "[2025-11-24 01:16:36] Supplementing orthologues from `Phylogenetic_Hierarchical_Orthogroups/N0.tsv` for Raphanus_sativus"
[1] "[2025-11-24 01:16:37] Supplementing orthologues from `Orthogroups/Orthogroups.tsv` for Raphanus_sativus"
[1] "[2025-11-24 01:16:37] Merging with blast RBH table for Raphanus_sativus"
[1] "[2025-11-24 01:16:37] Merging with simple Blast results for Raphanus_sativus"
[1] "[2025-11-24 01:16:47] choose the best hits for each query (target species) gene"
[1] "[2025-11-24 01:18:18] Final selection of orthologues for Raphanus_sativus"
[1] "[2025-11-24 01:18:18] loop for choosing best orthologue/homologue if there are multiple"
[1] "XP_018435394.1: Missing orthologue among BLAST hits"
[1] "XP_018435876.1: Missing orthologue among BLAST hits"
[1] "XP_018443313.1: Missing orthologue among BLAST hits"
[1] "XP_018443314.1: Missing orthologue among BLAST hits"
[1] "XP_018443605.1: Missing orthologue among BLAST hits"
[1] "XP_018448472.1: Missing orthologue among BLAST hits"
[1] "XP_018448605.1: Missing orthologue among BLAST hits"
[1] "XP_018448641.1: Missing orthologue among BLAST hits"
[1] "XP_018453703.1: Missing orthologue among BLAST hits"
[1] "XP_018454207.1: Missing orthologue among BLAST hits"
[1] "XP_018456273.1: Missing orthologue among BLAST hits"
[1] "XP_018458139.1: Missing orthologue among BLAST hits"
[1] "XP_018458516.1: Missing orthologue among BLAST hits"
[1] "XP_018461260.1: Missing orthologue among BLAST hits"
[1] "XP_018462136.1: Missing orthologue among BLAST hits"
[1] "XP_018462391.1: Missing orthologue among BLAST hits"
[1] "XP_018462648.1: Missing orthologue among BLAST hits"
[1] "XP_018462957.1: Missing orthologue among BLAST hits"
[1] "XP_018463424.1: Missing orthologue among BLAST hits"
[1] "XP_018464317.1: Missing orthologue among BLAST hits"
[1] "XP_018465341.1: Missing orthologue among BLAST hits"
[1] "XP_018470051.1: Missing orthologue among BLAST hits"
[1] "XP_018473874.1: Missing orthologue among BLAST hits"
[1] "XP_018474327.1: Missing orthologue among BLAST hits"
[1] "XP_018477751.1: Missing orthologue among BLAST hits"
[1] "XP_018479089.1: Missing orthologue among BLAST hits"
[1] "XP_018479504.1: Missing orthologue among BLAST hits"
[1] "XP_018479530.1: Missing orthologue among BLAST hits"
[1] "XP_018480126.1: Missing orthologue among BLAST hits"
[1] "XP_018488090.1: Missing orthologue among BLAST hits"
[1] "XP_018488156.1: Missing orthologue among BLAST hits"
[1] "[2025-11-24 01:33:48] Exporting tables for Raphanus_sativus"
[1] "[2025-11-24 01:33:50] Raphanus_sativus done."
